<html>
<body>
<pre>
<h1>µVision Build Log</h1>
<h2>Tool Versions:</h2>
IDE-Version: ¦ÌVision V5.24.2.0
Copyright (C) 2017 ARM Ltd and ARM Germany GmbH. All rights reserved.
License Information: Ben Ben, BenBen, LIC=GMZ45-GKTB5-Q0PNJ-UT4YZ-29WMV-WBG1L
 
Tool Versions:
Toolchain:       MDK-ARM Plus  Version: 5.24.1
Toolchain Path:  D:\Keil_v5\ARM\ARMCC\Bin
C Compiler:      Armcc.exe V5.06 update 5 (build 528)
Assembler:       Armasm.exe V5.06 update 5 (build 528)
Linker/Locator:  ArmLink.exe V5.06 update 5 (build 528)
Library Manager: ArmAr.exe V5.06 update 5 (build 528)
Hex Converter:   FromElf.exe V5.06 update 5 (build 528)
CPU DLL:         SARMCM3.DLL V5.24.1
Dialog DLL:      DARMSTM.DLL V1.68.0.0
Target DLL:      UL2CM3.DLL V1.160.3.0
Dialog DLL:      TARMSTM.DLL V1.66.0.0
 
<h2>Project:</h2>
H:\Embedded Program\ModelForStm32F1\Project\Model.uvprojx
Project File Date:  01/13/2019

<h2>Output:</h2>
*** Using Compiler 'V5.06 update 5 (build 528)', folder: 'D:\Keil_v5\ARM\ARMCC\Bin'
Build target 'Project'
compiling main.c...
linking...
Program Size: Code=7844 RO-data=576 RW-data=164 ZI-data=4228  
FromELF: creating hex file...
".\Objects\Model.axf" - 0 Error(s), 0 Warning(s).

<h2>Software Packages used:</h2>

Package Vendor: RealThread
                https://www.rt-thread.org/download/mdk/RealThread.RT-Thread.3.1.1.pack
                RealThread.RT-Thread.3.1.1
                RT-Thread Software Components
   * Component: kernel Version: 3.1.1

Package Vendor: Keil
                http://www.keil.com/pack/Keil.STM32F1xx_DFP.2.2.0.pack
                Keil.STM32F1xx_DFP.2.2.0
                STMicroelectronics STM32F1 Series Device Support, Drivers and Examples

<h2>Collection of Component include folders:</h2>
  .\RTE\RTOS
  .\RTE\_Project
  D:\Keil_v5\ARM\PACK\Keil\STM32F1xx_DFP\2.2.0\Device\Include
  D:\Keil_v5\ARM\PACK\RealThread\RT-Thread\3.1.1\include

<h2>Collection of Component Files used:</h2>

   * Component: RealThread.RT-Thread::RTOS:kernel:3.1.1
      Source file:   src\irq.c
      Source file:   src\kservice.c
      Source file:   src\mem.c
      Source file:   bsp\board.c
      Source file:   src\ipc.c
      Source file:   src\object.c
      Include file:  bsp\rtconfig.h
      Source file:   src\clock.c
      Source file:   src\components.c
      Source file:   src\device.c
      Source file:   src\idle.c
      Source file:   src\timer.c
      Source file:   src\scheduler.c
      Source file:   src\thread.c
      Source file:   libcpu\arm\cortex-m3\cpuport.c
      Source file:   libcpu\arm\cortex-m3\context_rvds.S
Build Time Elapsed:  00:00:01
</pre>
</body>
</html>
