Component: ARM Compiler 5.06 update 5 (build 528) Tool: armlink [4d35e2]

==============================================================================

Section Cross References

    gps.o(i.gps_init) refers to stm32f10x_rcc.o(i.RCC_APB1PeriphClockCmd) for RCC_APB1PeriphClockCmd
    gps.o(i.gps_init) refers to stm32f10x_gpio.o(i.GPIO_Init) for GPIO_Init
    gps.o(i.gps_init) refers to stm32f10x_usart.o(i.USART_Init) for USART_Init
    gps.o(i.gps_init) refers to misc.o(i.NVIC_Init) for NVIC_Init
    gps.o(i.gps_init) refers to stm32f10x_usart.o(i.USART_ITConfig) for USART_ITConfig
    gps.o(i.gps_init) refers to stm32f10x_usart.o(i.USART_Cmd) for USART_Cmd
    led.o(i.ledConfig) refers to stm32f10x_gpio.o(i.GPIO_StructInit) for GPIO_StructInit
    led.o(i.ledConfig) refers to stm32f10x_rcc.o(i.RCC_APB2PeriphClockCmd) for RCC_APB2PeriphClockCmd
    led.o(i.ledConfig) refers to stm32f10x_gpio.o(i.GPIO_Init) for GPIO_Init
    main.o(i.gps_deal_thread_entry) refers to thread.o(i.rt_thread_delay) for rt_thread_delay
    main.o(i.led_operate_thread_entry) refers to thread.o(i.rt_thread_delay) for rt_thread_delay
    main.o(i.main) refers to misc.o(i.NVIC_PriorityGroupConfig) for NVIC_PriorityGroupConfig
    main.o(i.main) refers to led.o(i.ledConfig) for ledConfig
    main.o(i.main) refers to usart.o(i.dataLinkUserConfig) for dataLinkUserConfig
    main.o(i.main) refers to gps.o(i.gps_init) for gps_init
    main.o(i.main) refers to thread.o(i.rt_thread_init) for rt_thread_init
    main.o(i.main) refers to thread.o(i.rt_thread_startup) for rt_thread_startup
    main.o(i.main) refers to thread.o(i.rt_thread_delay) for rt_thread_delay
    main.o(i.main) refers to main.o(.bss) for rt_led_operate_thread_stack
    main.o(i.main) refers to main.o(i.led_operate_thread_entry) for led_operate_thread_entry
    main.o(i.main) refers to main.o(i.gps_deal_thread_entry) for gps_deal_thread_entry
    usart.o(i.dataLinkUserConfig) refers to stm32f10x_rcc.o(i.RCC_APB2PeriphClockCmd) for RCC_APB2PeriphClockCmd
    usart.o(i.dataLinkUserConfig) refers to stm32f10x_gpio.o(i.GPIO_Init) for GPIO_Init
    usart.o(i.dataLinkUserConfig) refers to stm32f10x_usart.o(i.USART_Init) for USART_Init
    usart.o(i.dataLinkUserConfig) refers to misc.o(i.NVIC_Init) for NVIC_Init
    usart.o(i.dataLinkUserConfig) refers to stm32f10x_usart.o(i.USART_ITConfig) for USART_ITConfig
    usart.o(i.dataLinkUserConfig) refers to stm32f10x_usart.o(i.USART_Cmd) for USART_Cmd
    usart.o(i.usart1Print) refers to stm32f10x_usart.o(i.USART_SendData) for USART_SendData
    usart.o(i.usart1Print) refers to stm32f10x_usart.o(i.USART_GetFlagStatus) for USART_GetFlagStatus
    stm32f10x_adc.o(i.ADC_DeInit) refers to stm32f10x_rcc.o(i.RCC_APB2PeriphResetCmd) for RCC_APB2PeriphResetCmd
    stm32f10x_bkp.o(i.BKP_DeInit) refers to stm32f10x_rcc.o(i.RCC_BackupResetCmd) for RCC_BackupResetCmd
    stm32f10x_can.o(i.CAN_DeInit) refers to stm32f10x_rcc.o(i.RCC_APB1PeriphResetCmd) for RCC_APB1PeriphResetCmd
    stm32f10x_can.o(i.CAN_GetITStatus) refers to stm32f10x_can.o(i.CheckITStatus) for CheckITStatus
    stm32f10x_cec.o(i.CEC_DeInit) refers to stm32f10x_rcc.o(i.RCC_APB1PeriphResetCmd) for RCC_APB1PeriphResetCmd
    stm32f10x_dac.o(i.DAC_DeInit) refers to stm32f10x_rcc.o(i.RCC_APB1PeriphResetCmd) for RCC_APB1PeriphResetCmd
    stm32f10x_flash.o(i.FLASH_EnableWriteProtection) refers to stm32f10x_flash.o(i.FLASH_WaitForLastOperation) for FLASH_WaitForLastOperation
    stm32f10x_flash.o(i.FLASH_EraseAllBank1Pages) refers to stm32f10x_flash.o(i.FLASH_WaitForLastBank1Operation) for FLASH_WaitForLastBank1Operation
    stm32f10x_flash.o(i.FLASH_EraseAllPages) refers to stm32f10x_flash.o(i.FLASH_WaitForLastOperation) for FLASH_WaitForLastOperation
    stm32f10x_flash.o(i.FLASH_EraseOptionBytes) refers to stm32f10x_flash.o(i.FLASH_GetReadOutProtectionStatus) for FLASH_GetReadOutProtectionStatus
    stm32f10x_flash.o(i.FLASH_EraseOptionBytes) refers to stm32f10x_flash.o(i.FLASH_WaitForLastOperation) for FLASH_WaitForLastOperation
    stm32f10x_flash.o(i.FLASH_ErasePage) refers to stm32f10x_flash.o(i.FLASH_WaitForLastOperation) for FLASH_WaitForLastOperation
    stm32f10x_flash.o(i.FLASH_ProgramHalfWord) refers to stm32f10x_flash.o(i.FLASH_WaitForLastOperation) for FLASH_WaitForLastOperation
    stm32f10x_flash.o(i.FLASH_ProgramOptionByteData) refers to stm32f10x_flash.o(i.FLASH_WaitForLastOperation) for FLASH_WaitForLastOperation
    stm32f10x_flash.o(i.FLASH_ProgramWord) refers to stm32f10x_flash.o(i.FLASH_WaitForLastOperation) for FLASH_WaitForLastOperation
    stm32f10x_flash.o(i.FLASH_ReadOutProtection) refers to stm32f10x_flash.o(i.FLASH_WaitForLastOperation) for FLASH_WaitForLastOperation
    stm32f10x_flash.o(i.FLASH_UserOptionByteConfig) refers to stm32f10x_flash.o(i.FLASH_WaitForLastOperation) for FLASH_WaitForLastOperation
    stm32f10x_flash.o(i.FLASH_WaitForLastBank1Operation) refers to stm32f10x_flash.o(i.FLASH_GetBank1Status) for FLASH_GetBank1Status
[...]
    Removing stm32f10x_tim.o(i.TIM_ETRClockMode1Config), (54 bytes).
    Removing stm32f10x_tim.o(i.TIM_ETRClockMode2Config), (32 bytes).
    Removing stm32f10x_tim.o(i.TIM_ETRConfig), (28 bytes).
    Removing stm32f10x_tim.o(i.TIM_EncoderInterfaceConfig), (66 bytes).
    Removing stm32f10x_tim.o(i.TIM_ForcedOC1Config), (18 bytes).
    Removing stm32f10x_tim.o(i.TIM_ForcedOC2Config), (26 bytes).
    Removing stm32f10x_tim.o(i.TIM_ForcedOC3Config), (18 bytes).
    Removing stm32f10x_tim.o(i.TIM_ForcedOC4Config), (26 bytes).
    Removing stm32f10x_tim.o(i.TIM_GenerateEvent), (4 bytes).
    Removing stm32f10x_tim.o(i.TIM_GetCapture1), (6 bytes).
    Removing stm32f10x_tim.o(i.TIM_GetCapture2), (6 bytes).
    Removing stm32f10x_tim.o(i.TIM_GetCapture3), (6 bytes).
    Removing stm32f10x_tim.o(i.TIM_GetCapture4), (8 bytes).
    Removing stm32f10x_tim.o(i.TIM_GetCounter), (6 bytes).
    Removing stm32f10x_tim.o(i.TIM_GetFlagStatus), (18 bytes).
    Removing stm32f10x_tim.o(i.TIM_GetITStatus), (34 bytes).
    Removing stm32f10x_tim.o(i.TIM_GetPrescaler), (6 bytes).
    Removing stm32f10x_tim.o(i.TIM_ICInit), (172 bytes).
    Removing stm32f10x_tim.o(i.TIM_ICStructInit), (18 bytes).
    Removing stm32f10x_tim.o(i.TIM_ITConfig), (18 bytes).
    Removing stm32f10x_tim.o(i.TIM_ITRxExternalClockConfig), (24 bytes).
    Removing stm32f10x_tim.o(i.TIM_InternalClockConfig), (12 bytes).
    Removing stm32f10x_tim.o(i.TIM_OC1FastConfig), (18 bytes).
    Removing stm32f10x_tim.o(i.TIM_OC1Init), (152 bytes).
    Removing stm32f10x_tim.o(i.TIM_OC1NPolarityConfig), (18 bytes).
    Removing stm32f10x_tim.o(i.TIM_OC1PolarityConfig), (18 bytes).
    Removing stm32f10x_tim.o(i.TIM_OC1PreloadConfig), (18 bytes).
    Removing stm32f10x_tim.o(i.TIM_OC2FastConfig), (26 bytes).
    Removing stm32f10x_tim.o(i.TIM_OC2Init), (164 bytes).
    Removing stm32f10x_tim.o(i.TIM_OC2NPolarityConfig), (26 bytes).
    Removing stm32f10x_tim.o(i.TIM_OC2PolarityConfig), (26 bytes).
    Removing stm32f10x_tim.o(i.TIM_OC2PreloadConfig), (26 bytes).
    Removing stm32f10x_tim.o(i.TIM_OC3FastConfig), (18 bytes).
    Removing stm32f10x_tim.o(i.TIM_OC3Init), (160 bytes).
    Removing stm32f10x_tim.o(i.TIM_OC3NPolarityConfig), (26 bytes).
    Removing stm32f10x_tim.o(i.TIM_OC3PolarityConfig), (26 bytes).
    Removing stm32f10x_tim.o(i.TIM_OC3PreloadConfig), (18 bytes).
    Removing stm32f10x_tim.o(i.TIM_OC4FastConfig), (26 bytes).
    Removing stm32f10x_tim.o(i.TIM_OC4Init), (124 bytes).
    Removing stm32f10x_tim.o(i.TIM_OC4PolarityConfig), (26 bytes).
    Removing stm32f10x_tim.o(i.TIM_OC4PreloadConfig), (26 bytes).
    Removing stm32f10x_tim.o(i.TIM_OCStructInit), (20 bytes).
    Removing stm32f10x_tim.o(i.TIM_PWMIConfig), (124 bytes).
    Removing stm32f10x_tim.o(i.TIM_PrescalerConfig), (6 bytes).
    Removing stm32f10x_tim.o(i.TIM_SelectCCDMA), (24 bytes).
    Removing stm32f10x_tim.o(i.TIM_SelectCOM), (24 bytes).
    Removing stm32f10x_tim.o(i.TIM_SelectHallSensor), (24 bytes).
    Removing stm32f10x_tim.o(i.TIM_SelectInputTrigger), (18 bytes).
    Removing stm32f10x_tim.o(i.TIM_SelectMasterSlaveMode), (18 bytes).
    Removing stm32f10x_tim.o(i.TIM_SelectOCxM), (82 bytes).
    Removing stm32f10x_tim.o(i.TIM_SelectOnePulseMode), (18 bytes).
    Removing stm32f10x_tim.o(i.TIM_SelectOutputTrigger), (18 bytes).
    Removing stm32f10x_tim.o(i.TIM_SelectSlaveMode), (18 bytes).
    Removing stm32f10x_tim.o(i.TIM_SetAutoreload), (4 bytes).
    Removing stm32f10x_tim.o(i.TIM_SetClockDivision), (18 bytes).
    Removing stm32f10x_tim.o(i.TIM_SetCompare1), (4 bytes).
    Removing stm32f10x_tim.o(i.TIM_SetCompare2), (4 bytes).
    Removing stm32f10x_tim.o(i.TIM_SetCompare3), (4 bytes).
    Removing stm32f10x_tim.o(i.TIM_SetCompare4), (6 bytes).
    Removing stm32f10x_tim.o(i.TIM_SetCounter), (4 bytes).
    Removing stm32f10x_tim.o(i.TIM_SetIC1Prescaler), (18 bytes).
    Removing stm32f10x_tim.o(i.TIM_SetIC2Prescaler), (26 bytes).
    Removing stm32f10x_tim.o(i.TIM_SetIC3Prescaler), (18 bytes).
    Removing stm32f10x_tim.o(i.TIM_SetIC4Prescaler), (26 bytes).
    Removing stm32f10x_tim.o(i.TIM_TIxExternalClockConfig), (62 bytes).
    Removing stm32f10x_tim.o(i.TIM_TimeBaseInit), (164 bytes).
    Removing stm32f10x_tim.o(i.TIM_TimeBaseStructInit), (18 bytes).
    Removing stm32f10x_tim.o(i.TIM_UpdateDisableConfig), (24 bytes).
    Removing stm32f10x_tim.o(i.TIM_UpdateRequestConfig), (24 bytes).
    Removing stm32f10x_usart.o(i.USART_ClearFlag), (18 bytes).
    Removing stm32f10x_usart.o(i.USART_ClearITPendingBit), (30 bytes).
    Removing stm32f10x_usart.o(i.USART_ClockInit), (34 bytes).
    Removing stm32f10x_usart.o(i.USART_ClockStructInit), (12 bytes).
    Removing stm32f10x_usart.o(i.USART_DMACmd), (18 bytes).
    Removing stm32f10x_usart.o(i.USART_DeInit), (156 bytes).
    Removing stm32f10x_usart.o(i.USART_GetFlagStatus), (26 bytes).
    Removing stm32f10x_usart.o(i.USART_GetITStatus), (84 bytes).
    Removing stm32f10x_usart.o(i.USART_HalfDuplexCmd), (24 bytes).
    Removing stm32f10x_usart.o(i.USART_IrDACmd), (24 bytes).
    Removing stm32f10x_usart.o(i.USART_IrDAConfig), (18 bytes).
    Removing stm32f10x_usart.o(i.USART_LINBreakDetectLengthConfig), (18 bytes).
    Removing stm32f10x_usart.o(i.USART_LINCmd), (24 bytes).
    Removing stm32f10x_usart.o(i.USART_OneBitMethodCmd), (24 bytes).
    Removing stm32f10x_usart.o(i.USART_OverSampling8Cmd), (22 bytes).
    Removing stm32f10x_usart.o(i.USART_ReceiveData), (10 bytes).
    Removing stm32f10x_usart.o(i.USART_ReceiverWakeUpCmd), (24 bytes).
    Removing stm32f10x_usart.o(i.USART_SendBreak), (10 bytes).
    Removing stm32f10x_usart.o(i.USART_SendData), (8 bytes).
    Removing stm32f10x_usart.o(i.USART_SetAddress), (18 bytes).
    Removing stm32f10x_usart.o(i.USART_SetGuardTime), (16 bytes).
    Removing stm32f10x_usart.o(i.USART_SetPrescaler), (16 bytes).
    Removing stm32f10x_usart.o(i.USART_SmartCardCmd), (24 bytes).
    Removing stm32f10x_usart.o(i.USART_SmartCardNACKCmd), (24 bytes).
    Removing stm32f10x_usart.o(i.USART_StructInit), (24 bytes).
    Removing stm32f10x_usart.o(i.USART_WakeUpConfig), (18 bytes).
    Removing stm32f10x_wwdg.o(i.WWDG_ClearFlag), (12 bytes).
    Removing stm32f10x_wwdg.o(i.WWDG_DeInit), (22 bytes).
    Removing stm32f10x_wwdg.o(i.WWDG_Enable), (16 bytes).
    Removing stm32f10x_wwdg.o(i.WWDG_EnableIT), (12 bytes).
    Removing stm32f10x_wwdg.o(i.WWDG_GetFlagStatus), (12 bytes).
    Removing stm32f10x_wwdg.o(i.WWDG_SetCounter), (16 bytes).
    Removing stm32f10x_wwdg.o(i.WWDG_SetPrescaler), (24 bytes).
    Removing stm32f10x_wwdg.o(i.WWDG_SetWindowValue), (40 bytes).
    Removing cpuport.o(i.rt_hw_cpu_reset), (16 bytes).
    Removing cpuport.o(i.rt_hw_cpu_shutdown), (28 bytes).
    Removing cpuport.o(i.rt_hw_exception_install), (12 bytes).
    Removing clock.o(i.rt_system_tick_init), (2 bytes).
    Removing clock.o(i.rt_tick_from_millisecond), (32 bytes).
    Removing clock.o(i.rt_tick_set), (28 bytes).
    Removing idle.o(i.rt_thread_idle_gethandler), (8 bytes).
    Removing ipc.o(i.rt_ipc_list_resume), (20 bytes).
    Removing ipc.o(i.rt_ipc_list_resume_all), (50 bytes).
    Removing ipc.o(i.rt_ipc_list_suspend), (108 bytes).
    Removing ipc.o(i.rt_ipc_object_init), (16 bytes).
    Removing ipc.o(i.rt_list_init), (6 bytes).
    Removing ipc.o(i.rt_list_insert_before), (14 bytes).
    Removing ipc.o(i.rt_list_isempty), (16 bytes).
    Removing ipc.o(i.rt_mb_control), (66 bytes).
    Removing ipc.o(i.rt_mb_detach), (30 bytes).
    Removing ipc.o(i.rt_mb_init), (62 bytes).
    Removing ipc.o(i.rt_mb_recv), (244 bytes).
    Removing ipc.o(i.rt_mb_send), (18 bytes).
    Removing ipc.o(i.rt_mb_send_wait), (246 bytes).
    Removing ipc.o(i.rt_sem_control), (54 bytes).
    Removing ipc.o(i.rt_sem_detach), (22 bytes).
    Removing ipc.o(i.rt_sem_init), (38 bytes).
    Removing ipc.o(i.rt_sem_release), (58 bytes).
    Removing ipc.o(i.rt_sem_take), (116 bytes).
    Removing ipc.o(i.rt_sem_trytake), (14 bytes).
    Removing irq.o(i.rt_interrupt_get_nest), (12 bytes).
    Removing kservice.o(i._rt_errno), (36 bytes).
    Removing kservice.o(i.rt_get_errno), (36 bytes).
    Removing kservice.o(i.rt_kputs), (18 bytes).
    Removing kservice.o(i.rt_memcmp), (38 bytes).
    Removing kservice.o(i.rt_memcpy), (124 bytes).
    Removing kservice.o(i.rt_memmove), (66 bytes).
    Removing kservice.o(i.rt_set_errno), (40 bytes).
    Removing kservice.o(i.rt_snprintf), (38 bytes).
    Removing kservice.o(i.rt_sprintf), (34 bytes).
    Removing kservice.o(i.rt_strcasecmp), (48 bytes).
    Removing kservice.o(i.rt_strcmp), (28 bytes).
    Removing kservice.o(i.rt_strncmp), (40 bytes).
    Removing kservice.o(i.rt_strnlen), (24 bytes).
    Removing kservice.o(i.rt_strstr), (58 bytes).
    Removing kservice.o(i.rt_vsprintf), (22 bytes).
    Removing kservice.o(.data), (4 bytes).
    Removing object.o(i.rt_object_find), (86 bytes).
    Removing object.o(i.rt_object_get_type), (10 bytes).
    Removing object.o(i.rt_system_object_init), (2 bytes).
    Removing scheduler.o(i.rt_critical_level), (12 bytes).
    Removing thread.o(i.rt_thread_control), (106 bytes).
    Removing thread.o(i.rt_thread_detach), (76 bytes).
    Removing thread.o(i.rt_thread_find), (82 bytes).
    Removing thread.o(i.rt_thread_mdelay), (20 bytes).
    Removing timer_1.o(i.rt_timer_list_next_timeout), (28 bytes).
    Removing timer_1.o(i.rt_timer_next_timeout_tick), (16 bytes).

519 unused section(s) (total 21147 bytes) removed from the image.

==============================================================================

Image Symbol Table

    Local Symbols

    Symbol Name                              Value     Ov Type        Size  Object(Section)

    ../clib/angel/boardlib.s                 0x00000000   Number         0  boardinit1.o ABSOLUTE
    ../clib/angel/boardlib.s                 0x00000000   Number         0  boardinit2.o ABSOLUTE
    ../clib/angel/boardlib.s                 0x00000000   Number         0  boardinit3.o ABSOLUTE
    ../clib/angel/boardlib.s                 0x00000000   Number         0  boardshut.o ABSOLUTE
    ../clib/angel/handlers.s                 0x00000000   Number         0  __scatter_zi.o ABSOLUTE
    ../clib/angel/handlers.s                 0x00000000   Number         0  __scatter_copy.o ABSOLUTE
    ../clib/angel/kernel.s                   0x00000000   Number         0  __rtentry2.o ABSOLUTE
    ../clib/angel/kernel.s                   0x00000000   Number         0  __rtentry.o ABSOLUTE
    ../clib/angel/kernel.s                   0x00000000   Number         0  __rtentry4.o ABSOLUTE
    ../clib/angel/kernel.s                   0x00000000   Number         0  rtexit.o ABSOLUTE
    ../clib/angel/kernel.s                   0x00000000   Number         0  rtexit2.o ABSOLUTE
    ../clib/angel/rt.s                       0x00000000   Number         0  rt_raise.o ABSOLUTE
    ../clib/angel/scatter.s                  0x00000000   Number         0  __scatter.o ABSOLUTE
    ../clib/angel/startup.s                  0x00000000   Number         0  __main.o ABSOLUTE
    ../clib/angel/sys.s                      0x00000000   Number         0  libspace.o ABSOLUTE
    ../clib/angel/sys.s                      0x00000000   Number         0  sys_stackheap_outer.o ABSOLUTE
    ../clib/angel/sys.s                      0x00000000   Number         0  indicate_semi.o ABSOLUTE
    ../clib/angel/sys.s                      0x00000000   Number         0  use_no_semi.o ABSOLUTE
    ../clib/angel/sysapp.c                   0x00000000   Number         0  sys_wrch.o ABSOLUTE
    ../clib/angel/sysapp.c                   0x00000000   Number         0  sys_command.o ABSOLUTE
    ../clib/angel/sysapp.c                   0x00000000   Number         0  sys_exit.o ABSOLUTE
    ../clib/armsys.c                         0x00000000   Number         0  _get_argv_nomalloc.o ABSOLUTE
    ../clib/armsys.c                         0x00000000   Number         0  no_argv.o ABSOLUTE
    ../clib/armsys.c                         0x00000000   Number         0  argv_veneer.o ABSOLUTE
    ../clib/armsys.c                         0x00000000   Number         0  argv_veneer.o ABSOLUTE
    ../clib/heapalloc.c                      0x00000000   Number         0  hrguard.o ABSOLUTE
    ../clib/heapaux.c                        0x00000000   Number         0  heapauxi.o ABSOLUTE
    ../clib/libinit.s                        0x00000000   Number         0  libshutdown.o ABSOLUTE
    ../clib/libinit.s                        0x00000000   Number         0  libshutdown2.o ABSOLUTE
    ../clib/libinit.s                        0x00000000   Number         0  libinit.o ABSOLUTE
    ../clib/libinit.s                        0x00000000   Number         0  libinit2.o ABSOLUTE
    ../clib/signal.c                         0x00000000   Number         0  defsig_rtred_inner.o ABSOLUTE
    ../clib/signal.c                         0x00000000   Number         0  defsig_fpe_inner.o ABSOLUTE
    ../clib/signal.c                         0x00000000   Number         0  defsig_general.o ABSOLUTE
    ../clib/signal.c                         0x00000000   Number         0  defsig_rtmem_inner.o ABSOLUTE
    ../clib/signal.c                         0x00000000   Number         0  defsig_exit.o ABSOLUTE
    ../clib/signal.c                         0x00000000   Number         0  defsig_abrt_inner.o ABSOLUTE
    ../clib/signal.c                         0x00000000   Number         0  defsig_other.o ABSOLUTE
    ../clib/signal.c                         0x00000000   Number         0  defsig_rtmem_formal.o ABSOLUTE
    ../clib/signal.c                         0x00000000   Number         0  __raise.o ABSOLUTE
    ../clib/signal.c                         0x00000000   Number         0  defsig_segv_inner.o ABSOLUTE
    ../clib/signal.c                         0x00000000   Number         0  defsig_rtmem_outer.o ABSOLUTE
    ../clib/signal.c                         0x00000000   Number         0  defsig_cppl_inner.o ABSOLUTE
    ../clib/signal.c                         0x00000000   Number         0  defsig_pvfn_inner.o ABSOLUTE
    ../clib/signal.c                         0x00000000   Number         0  defsig_stak_inner.o ABSOLUTE
    ../clib/signal.s                         0x00000000   Number         0  defsig.o ABSOLUTE
    ../clib/stdlib.c                         0x00000000   Number         0  exit.o ABSOLUTE
    ../fplib/fpinit.s                        0x00000000   Number         0  fpinit.o ABSOLUTE
    ..\Libraries\CMSIS\CM3\DeviceSupport\ST\STM32F10x\system_stm32f10x.c 0x00000000   Number         0  system_stm32f10x.o ABSOLUTE
    ..\Libraries\STM32F10x_StdPeriph_Driver\src\misc.c 0x00000000   Number         0  misc.o ABSOLUTE
    ..\Libraries\STM32F10x_StdPeriph_Driver\src\stm32f10x_adc.c 0x00000000   Number         0  stm32f10x_adc.o ABSOLUTE
    ..\Libraries\STM32F10x_StdPeriph_Driver\src\stm32f10x_bkp.c 0x00000000   Number         0  stm32f10x_bkp.o ABSOLUTE
    ..\Libraries\STM32F10x_StdPeriph_Driver\src\stm32f10x_can.c 0x00000000   Number         0  stm32f10x_can.o ABSOLUTE
    ..\Libraries\STM32F10x_StdPeriph_Driver\src\stm32f10x_cec.c 0x00000000   Number         0  stm32f10x_cec.o ABSOLUTE
    ..\Libraries\STM32F10x_StdPeriph_Driver\src\stm32f10x_crc.c 0x00000000   Number         0  stm32f10x_crc.o ABSOLUTE
    ..\Libraries\STM32F10x_StdPeriph_Driver\src\stm32f10x_dac.c 0x00000000   Number         0  stm32f10x_dac.o ABSOLUTE
    ..\Libraries\STM32F10x_StdPeriph_Driver\src\stm32f10x_dbgmcu.c 0x00000000   Number         0  stm32f10x_dbgmcu.o ABSOLUTE
    ..\Libraries\STM32F10x_StdPeriph_Driver\src\stm32f10x_dma.c 0x00000000   Number         0  stm32f10x_dma.o ABSOLUTE
    ..\Libraries\STM32F10x_StdPeriph_Driver\src\stm32f10x_exti.c 0x00000000   Number         0  stm32f10x_exti.o ABSOLUTE
    ..\Libraries\STM32F10x_StdPeriph_Driver\src\stm32f10x_flash.c 0x00000000   Number         0  stm32f10x_flash.o ABSOLUTE
    ..\Libraries\STM32F10x_StdPeriph_Driver\src\stm32f10x_fsmc.c 0x00000000   Number         0  stm32f10x_fsmc.o ABSOLUTE
    ..\Libraries\STM32F10x_StdPeriph_Driver\src\stm32f10x_gpio.c 0x00000000   Number         0  stm32f10x_gpio.o ABSOLUTE
    ..\Libraries\STM32F10x_StdPeriph_Driver\src\stm32f10x_i2c.c 0x00000000   Number         0  stm32f10x_i2c.o ABSOLUTE
    ..\Libraries\STM32F10x_StdPeriph_Driver\src\stm32f10x_iwdg.c 0x00000000   Number         0  stm32f10x_iwdg.o ABSOLUTE
    ..\Libraries\STM32F10x_StdPeriph_Driver\src\stm32f10x_pwr.c 0x00000000   Number         0  stm32f10x_pwr.o ABSOLUTE
    ..\Libraries\STM32F10x_StdPeriph_Driver\src\stm32f10x_rcc.c 0x00000000   Number         0  stm32f10x_rcc.o ABSOLUTE
    ..\Libraries\STM32F10x_StdPeriph_Driver\src\stm32f10x_rtc.c 0x00000000   Number         0  stm32f10x_rtc.o ABSOLUTE
    ..\Libraries\STM32F10x_StdPeriph_Driver\src\stm32f10x_sdio.c 0x00000000   Number         0  stm32f10x_sdio.o ABSOLUTE
    ..\Libraries\STM32F10x_StdPeriph_Driver\src\stm32f10x_spi.c 0x00000000   Number         0  stm32f10x_spi.o ABSOLUTE
    ..\Libraries\STM32F10x_StdPeriph_Driver\src\stm32f10x_tim.c 0x00000000   Number         0  stm32f10x_tim.o ABSOLUTE
    ..\Libraries\STM32F10x_StdPeriph_Driver\src\stm32f10x_usart.c 0x00000000   Number         0  stm32f10x_usart.o ABSOLUTE
    ..\Libraries\STM32F10x_StdPeriph_Driver\src\stm32f10x_wwdg.c 0x00000000   Number         0  stm32f10x_wwdg.o ABSOLUTE
    ..\StartUp\startup_stm32f10x_md.s        0x00000000   Number         0  startup_stm32f10x_md.o ABSOLUTE
    ..\User\Scr\Gps.c                        0x00000000   Number         0  gps.o ABSOLUTE
    ..\User\Scr\Led.c                        0x00000000   Number         0  led.o ABSOLUTE
    ..\User\Scr\Timer.c                      0x00000000   Number         0  timer.o ABSOLUTE
    ..\User\Scr\Usart.c                      0x00000000   Number         0  usart.o ABSOLUTE
    ..\User\Scr\main.c                       0x00000000   Number         0  main.o ABSOLUTE
    D:\Keil_v5\ARM\PACK\RealThread\RT-Thread\3.1.1\libcpu\arm\cortex-m3\context_rvds.S 0x00000000   Number         0  context_rvds.o ABSOLUTE
    D:\Keil_v5\ARM\PACK\RealThread\RT-Thread\3.1.1\libcpu\arm\cortex-m3\cpuport.c 0x00000000   Number         0  cpuport.o ABSOLUTE
    D:\Keil_v5\ARM\PACK\RealThread\RT-Thread\3.1.1\src\clock.c 0x00000000   Number         0  clock.o ABSOLUTE
    D:\Keil_v5\ARM\PACK\RealThread\RT-Thread\3.1.1\src\components.c 0x00000000   Number         0  components.o ABSOLUTE
    D:\Keil_v5\ARM\PACK\RealThread\RT-Thread\3.1.1\src\device.c 0x00000000   Number         0  device.o ABSOLUTE
    D:\Keil_v5\ARM\PACK\RealThread\RT-Thread\3.1.1\src\idle.c 0x00000000   Number         0  idle.o ABSOLUTE
    D:\Keil_v5\ARM\PACK\RealThread\RT-Thread\3.1.1\src\ipc.c 0x00000000   Number         0  ipc.o ABSOLUTE
    D:\Keil_v5\ARM\PACK\RealThread\RT-Thread\3.1.1\src\irq.c 0x00000000   Number         0  irq.o ABSOLUTE
    D:\Keil_v5\ARM\PACK\RealThread\RT-Thread\3.1.1\src\kservice.c 0x00000000   Number         0  kservice.o ABSOLUTE
    D:\Keil_v5\ARM\PACK\RealThread\RT-Thread\3.1.1\src\mem.c 0x00000000   Number         0  mem.o ABSOLUTE
    D:\Keil_v5\ARM\PACK\RealThread\RT-Thread\3.1.1\src\object.c 0x00000000   Number         0  object.o ABSOLUTE
    D:\Keil_v5\ARM\PACK\RealThread\RT-Thread\3.1.1\src\scheduler.c 0x00000000   Number         0  scheduler.o ABSOLUTE
    D:\Keil_v5\ARM\PACK\RealThread\RT-Thread\3.1.1\src\thread.c 0x00000000   Number         0  thread.o ABSOLUTE
    D:\Keil_v5\ARM\PACK\RealThread\RT-Thread\3.1.1\src\timer.c 0x00000000   Number         0  timer_1.o ABSOLUTE
    RTE\RTOS\board.c                         0x00000000   Number         0  board.o ABSOLUTE
    dc.s                                     0x00000000   Number         0  dc.o ABSOLUTE
    stm32f10x_it.c                           0x00000000   Number         0  stm32f10x_it.o ABSOLUTE
    RESET                                    0x08000000   Section      236  startup_stm32f10x_md.o(RESET)
    !!!main                                  0x080000ec   Section        8  __main.o(!!!main)
    !!!scatter                               0x080000f4   Section       52  __scatter.o(!!!scatter)
    !!handler_copy                           0x08000128   Section       26  __scatter_copy.o(!!handler_copy)
    !!handler_zi                             0x08000144   Section       28  __scatter_zi.o(!!handler_zi)
    .ARM.Collect$$libinit$$00000000          0x08000160   Section        2  libinit.o(.ARM.Collect$$libinit$$00000000)
    .ARM.Collect$$libinit$$00000002          0x08000162   Section        0  libinit2.o(.ARM.Collect$$libinit$$00000002)
    .ARM.Collect$$libinit$$00000004          0x08000162   Section        0  libinit2.o(.ARM.Collect$$libinit$$00000004)
    .ARM.Collect$$libinit$$0000000A          0x08000162   Section        0  libinit2.o(.ARM.Collect$$libinit$$0000000A)
    .ARM.Collect$$libinit$$0000000C          0x08000162   Section        0  libinit2.o(.ARM.Collect$$libinit$$0000000C)
    .ARM.Collect$$libinit$$0000000E          0x08000162   Section        0  libinit2.o(.ARM.Collect$$libinit$$0000000E)
    .ARM.Collect$$libinit$$00000011          0x08000162   Section        0  libinit2.o(.ARM.Collect$$libinit$$00000011)
    .ARM.Collect$$libinit$$00000013          0x08000162   Section        0  libinit2.o(.ARM.Collect$$libinit$$00000013)
    .ARM.Collect$$libinit$$00000015          0x08000162   Section        0  libinit2.o(.ARM.Collect$$libinit$$00000015)
    .ARM.Collect$$libinit$$00000017          0x08000162   Section        0  libinit2.o(.ARM.Collect$$libinit$$00000017)
    .ARM.Collect$$libinit$$00000019          0x08000162   Section        0  libinit2.o(.ARM.Collect$$libinit$$00000019)
    .ARM.Collect$$libinit$$0000001B          0x08000162   Section        0  libinit2.o(.ARM.Collect$$libinit$$0000001B)
    .ARM.Collect$$libinit$$0000001D          0x08000162   Section        0  libinit2.o(.ARM.Collect$$libinit$$0000001D)
    .ARM.Collect$$libinit$$0000001F          0x08000162   Section        0  libinit2.o(.ARM.Collect$$libinit$$0000001F)
    .ARM.Collect$$libinit$$00000021          0x08000162   Section        0  libinit2.o(.ARM.Collect$$libinit$$00000021)
    .ARM.Collect$$libinit$$00000023          0x08000162   Section        0  libinit2.o(.ARM.Collect$$libinit$$00000023)
    .ARM.Collect$$libinit$$00000025          0x08000162   Section        0  libinit2.o(.ARM.Collect$$libinit$$00000025)
    .ARM.Collect$$libinit$$0000002C          0x08000162   Section        0  libinit2.o(.ARM.Collect$$libinit$$0000002C)
    .ARM.Collect$$libinit$$0000002E          0x08000162   Section        0  libinit2.o(.ARM.Collect$$libinit$$0000002E)
    .ARM.Collect$$libinit$$00000030          0x08000162   Section        0  libinit2.o(.ARM.Collect$$libinit$$00000030)
    .ARM.Collect$$libinit$$00000032          0x08000162   Section        0  libinit2.o(.ARM.Collect$$libinit$$00000032)
    .ARM.Collect$$libinit$$00000033          0x08000162   Section        2  libinit2.o(.ARM.Collect$$libinit$$00000033)
    .ARM.Collect$$libshutdown$$00000000      0x08000164   Section        2  libshutdown.o(.ARM.Collect$$libshutdown$$00000000)
    .ARM.Collect$$libshutdown$$00000002      0x08000166   Section        0  libshutdown2.o(.ARM.Collect$$libshutdown$$00000002)
    .ARM.Collect$$libshutdown$$00000004      0x08000166   Section        0  libshutdown2.o(.ARM.Collect$$libshutdown$$00000004)
    .ARM.Collect$$libshutdown$$00000007      0x08000166   Section        0  libshutdown2.o(.ARM.Collect$$libshutdown$$00000007)
    .ARM.Collect$$libshutdown$$0000000A      0x08000166   Section        0  libshutdown2.o(.ARM.Collect$$libshutdown$$0000000A)
    .ARM.Collect$$libshutdown$$0000000C      0x08000166   Section        0  libshutdown2.o(.ARM.Collect$$libshutdown$$0000000C)
    .ARM.Collect$$libshutdown$$0000000F      0x08000166   Section        0  libshutdown2.o(.ARM.Collect$$libshutdown$$0000000F)
    .ARM.Collect$$libshutdown$$00000010      0x08000166   Section        2  libshutdown2.o(.ARM.Collect$$libshutdown$$00000010)
    .ARM.Collect$$rtentry$$00000000          0x08000168   Section        0  __rtentry.o(.ARM.Collect$$rtentry$$00000000)
    .ARM.Collect$$rtentry$$00000002          0x08000168   Section        0  __rtentry2.o(.ARM.Collect$$rtentry$$00000002)
    .ARM.Collect$$rtentry$$00000004          0x08000168   Section        6  __rtentry4.o(.ARM.Collect$$rtentry$$00000004)
    .ARM.Collect$$rtentry$$00000009          0x0800016e   Section        0  __rtentry2.o(.ARM.Collect$$rtentry$$00000009)
    .ARM.Collect$$rtentry$$0000000A          0x0800016e   Section        4  __rtentry2.o(.ARM.Collect$$rtentry$$0000000A)
    .ARM.Collect$$rtentry$$0000000C          0x08000172   Section        0  __rtentry2.o(.ARM.Collect$$rtentry$$0000000C)
    .ARM.Collect$$rtentry$$0000000D          0x08000172   Section        8  __rtentry2.o(.ARM.Collect$$rtentry$$0000000D)
    .ARM.Collect$$rtexit$$00000000           0x0800017a   Section        2  rtexit.o(.ARM.Collect$$rtexit$$00000000)
    .ARM.Collect$$rtexit$$00000002           0x0800017c   Section        0  rtexit2.o(.ARM.Collect$$rtexit$$00000002)
    .ARM.Collect$$rtexit$$00000003           0x0800017c   Section        4  rtexit2.o(.ARM.Collect$$rtexit$$00000003)
    .ARM.Collect$$rtexit$$00000004           0x08000180   Section        6  rtexit2.o(.ARM.Collect$$rtexit$$00000004)
    .text                                    0x08000188   Section       60  startup_stm32f10x_md.o(.text)
    .text                                    0x080001c4   Section      244  context_rvds.o(.text)
    .text                                    0x080002b8   Section        0  heapauxi.o(.text)
    .text                                    0x080002be   Section       74  sys_stackheap_outer.o(.text)
    .text                                    0x08000308   Section        0  exit.o(.text)
    .text                                    0x0800031c   Section        8  libspace.o(.text)
    .text                                    0x08000324   Section        0  sys_exit.o(.text)
    .text                                    0x08000330   Section        2  use_no_semi.o(.text)
    .text                                    0x08000332   Section        0  indicate_semi.o(.text)
    i.$Sub$$main                             0x08000332   Section        0  components.o(i.$Sub$$main)
    i.BusFault_Handler                       0x08000340   Section        0  stm32f10x_it.o(i.BusFault_Handler)
    i.DebugMon_Handler                       0x08000344   Section        0  stm32f10x_it.o(i.DebugMon_Handler)
    i.GPIO_Init                              0x08000346   Section        0  stm32f10x_gpio.o(i.GPIO_Init)
    i.GPIO_StructInit                        0x0800045c   Section        0  stm32f10x_gpio.o(i.GPIO_StructInit)
    i.MemManage_Handler                      0x0800046c   Section        0  stm32f10x_it.o(i.MemManage_Handler)
    i.NMI_Handler                            0x08000470   Section        0  stm32f10x_it.o(i.NMI_Handler)
    i.NVIC_Init                              0x08000474   Section        0  misc.o(i.NVIC_Init)
    i.NVIC_PriorityGroupConfig               0x080004e4   Section        0  misc.o(i.NVIC_PriorityGroupConfig)
    i.RCC_APB1PeriphClockCmd                 0x080004f8   Section        0  stm32f10x_rcc.o(i.RCC_APB1PeriphClockCmd)
    i.RCC_APB2PeriphClockCmd                 0x08000518   Section        0  stm32f10x_rcc.o(i.RCC_APB2PeriphClockCmd)
    i.RCC_GetClocksFreq                      0x08000538   Section        0  stm32f10x_rcc.o(i.RCC_GetClocksFreq)
    i.RTC_IRQHandler                         0x0800060c   Section        0  stm32f10x_it.o(i.RTC_IRQHandler)
    i.SVC_Handler                            0x0800060e   Section        0  stm32f10x_it.o(i.SVC_Handler)
    i.SetSysClock                            0x08000610   Section        0  system_stm32f10x.o(i.SetSysClock)
    SetSysClock                              0x08000611   Thumb Code     8  system_stm32f10x.o(i.SetSysClock)
    i.SetSysClockTo72                        0x08000618   Section        0  system_stm32f10x.o(i.SetSysClockTo72)
    SetSysClockTo72                          0x08000619   Thumb Code   214  system_stm32f10x.o(i.SetSysClockTo72)
    i.SysTick_Handler                        0x080006f8   Section        0  board.o(i.SysTick_Handler)
    i.SystemCoreClockUpdate                  0x08000708   Section        0  system_stm32f10x.o(i.SystemCoreClockUpdate)
    i.SystemInit                             0x080007ac   Section        0  system_stm32f10x.o(i.SystemInit)
    i.USART1_IRQHandler                      0x0800080c   Section        0  usart.o(i.USART1_IRQHandler)
    i.USART2_IRQHandler                      0x0800082c   Section        0  gps.o(i.USART2_IRQHandler)
    i.USART_Cmd                              0x08000850   Section        0  stm32f10x_usart.o(i.USART_Cmd)
    i.USART_ITConfig                         0x08000868   Section        0  stm32f10x_usart.o(i.USART_ITConfig)
    i.USART_Init                             0x080008b4   Section        0  stm32f10x_usart.o(i.USART_Init)
    i.UsageFault_Handler                     0x0800098c   Section        0  stm32f10x_it.o(i.UsageFault_Handler)
    i._SysTick_Config                        0x08000990   Section        0  board.o(i._SysTick_Config)
    _SysTick_Config                          0x08000991   Thumb Code    44  board.o(i._SysTick_Config)
    i.__rt_ffs                               0x080009c0   Section        0  kservice.o(i.__rt_ffs)
    i._has_defunct_thread                    0x08000a0c   Section        0  idle.o(i._has_defunct_thread)
    _has_defunct_thread                      0x08000a0d   Thumb Code    16  idle.o(i._has_defunct_thread)
    i._rt_thread_init                        0x08000a20   Section        0  thread.o(i._rt_thread_init)
    _rt_thread_init                          0x08000a21   Thumb Code   124  thread.o(i._rt_thread_init)
    i._rt_timer_init                         0x08000aa4   Section        0  timer_1.o(i._rt_timer_init)
    _rt_timer_init                           0x08000aa5   Thumb Code    66  timer_1.o(i._rt_timer_init)
    i._rt_timer_remove                       0x08000ae6   Section        0  timer_1.o(i._rt_timer_remove)
    _rt_timer_remove                         0x08000ae7   Thumb Code    46  timer_1.o(i._rt_timer_remove)
    i.dataLinkUserConfig                     0x08000b14   Section        0  usart.o(i.dataLinkUserConfig)
    i.gps_deal_thread_entry                  0x08000bbc   Section        0  main.o(i.gps_deal_thread_entry)
    gps_deal_thread_entry                    0x08000bbd   Thumb Code    12  main.o(i.gps_deal_thread_entry)
    i.gps_init                               0x08000bc8   Section        0  gps.o(i.gps_init)
    i.ledConfig                              0x08000c74   Section        0  led.o(i.ledConfig)
    i.led_operate_thread_entry               0x08000ca8   Section        0  main.o(i.led_operate_thread_entry)
    led_operate_thread_entry                 0x08000ca9   Thumb Code    44  main.o(i.led_operate_thread_entry)
    i.main                                   0x08000cd8   Section        0  main.o(i.main)
    i.main_thread_entry                      0x08000d74   Section        0  components.o(i.main_thread_entry)
    i.print_number                           0x08000d84   Section        0  kservice.o(i.print_number)
    print_number                             0x08000d85   Thumb Code   388  kservice.o(i.print_number)
    i.rt_application_init                    0x08000f10   Section        0  components.o(i.rt_application_init)
    i.rt_components_board_init               0x08000f50   Section        0  components.o(i.rt_components_board_init)
    i.rt_components_init                     0x08000f6c   Section        0  components.o(i.rt_components_init)
    i.rt_enter_critical                      0x08000f88   Section        0  scheduler.o(i.rt_enter_critical)
    i.rt_exit_critical                       0x08000fa8   Section        0  scheduler.o(i.rt_exit_critical)
    i.rt_hw_board_init                       0x08000fe4   Section        0  board.o(i.rt_hw_board_init)
    i.rt_hw_console_output                   0x08001008   Section        0  kservice.o(i.rt_hw_console_output)
    i.rt_hw_hard_fault_exception             0x0800100c   Section        0  cpuport.o(i.rt_hw_hard_fault_exception)
    i.rt_hw_stack_init                       0x0800120c   Section        0  cpuport.o(i.rt_hw_stack_init)
    i.rt_interrupt_enter                     0x08001258   Section        0  irq.o(i.rt_interrupt_enter)
    i.rt_interrupt_leave                     0x08001278   Section        0  irq.o(i.rt_interrupt_leave)
    i.rt_kprintf                             0x08001298   Section        0  kservice.o(i.rt_kprintf)
    i.rt_list_init                           0x080012c8   Section        0  scheduler.o(i.rt_list_init)
    rt_list_init                             0x080012c9   Thumb Code     6  scheduler.o(i.rt_list_init)
    i.rt_list_init                           0x080012ce   Section        0  timer_1.o(i.rt_list_init)
    rt_list_init                             0x080012cf   Thumb Code     6  timer_1.o(i.rt_list_init)
    i.rt_list_insert_after                   0x080012d4   Section        0  thread.o(i.rt_list_insert_after)
    rt_list_insert_after                     0x080012d5   Thumb Code    14  thread.o(i.rt_list_insert_after)
    i.rt_list_insert_after                   0x080012e2   Section        0  timer_1.o(i.rt_list_insert_after)
    rt_list_insert_after                     0x080012e3   Thumb Code    14  timer_1.o(i.rt_list_insert_after)
    i.rt_list_isempty                        0x080012f0   Section        0  timer_1.o(i.rt_list_isempty)
    rt_list_isempty                          0x080012f1   Thumb Code    16  timer_1.o(i.rt_list_isempty)
    i.rt_list_remove                         0x08001300   Section        0  thread.o(i.rt_list_remove)
    rt_list_remove                           0x08001301   Thumb Code    18  thread.o(i.rt_list_remove)
    i.rt_memset                              0x08001312   Section        0  kservice.o(i.rt_memset)
    i.rt_object_detach                       0x0800135a   Section        0  object.o(i.rt_object_detach)
    i.rt_object_get_information              0x08001388   Section        0  object.o(i.rt_object_get_information)
    i.rt_object_init                         0x080013b0   Section        0  object.o(i.rt_object_init)
    i.rt_object_is_systemobject              0x080013f6   Section        0  object.o(i.rt_object_is_systemobject)
    i.rt_schedule                            0x08001408   Section        0  scheduler.o(i.rt_schedule)
    i.rt_schedule_insert_thread              0x08001498   Section        0  scheduler.o(i.rt_schedule_insert_thread)
    i.rt_schedule_remove_thread              0x080014e8   Section        0  scheduler.o(i.rt_schedule_remove_thread)
    i.rt_show_version                        0x0800153c   Section        0  kservice.o(i.rt_show_version)
    i.rt_strlen                              0x080015ec   Section        0  kservice.o(i.rt_strlen)
    i.rt_strncpy                             0x080015fe   Section        0  kservice.o(i.rt_strncpy)
    i.rt_system_scheduler_init               0x08001634   Section        0  scheduler.o(i.rt_system_scheduler_init)
    i.rt_system_scheduler_start              0x08001680   Section        0  scheduler.o(i.rt_system_scheduler_start)
    i.rt_system_timer_init                   0x080016b0   Section        0  timer_1.o(i.rt_system_timer_init)
    i.rt_system_timer_thread_init            0x080016cc   Section        0  timer_1.o(i.rt_system_timer_thread_init)
    i.rt_thread_delay                        0x080016ce   Section        0  thread.o(i.rt_thread_delay)
    i.rt_thread_exit                         0x080016dc   Section        0  thread.o(i.rt_thread_exit)
    i.rt_thread_idle_entry                   0x08001730   Section        0  idle.o(i.rt_thread_idle_entry)
    rt_thread_idle_entry                     0x08001731   Thumb Code     8  idle.o(i.rt_thread_idle_entry)
    i.rt_thread_idle_excute                  0x08001738   Section        0  idle.o(i.rt_thread_idle_excute)
    i.rt_thread_idle_init                    0x080017b0   Section        0  idle.o(i.rt_thread_idle_init)
    i.rt_thread_init                         0x080017ec   Section        0  thread.o(i.rt_thread_init)
    i.rt_thread_resume                       0x08001820   Section        0  thread.o(i.rt_thread_resume)
    i.rt_thread_self                         0x0800185c   Section        0  thread.o(i.rt_thread_self)
    i.rt_thread_sleep                        0x08001868   Section        0  thread.o(i.rt_thread_sleep)
    i.rt_thread_startup                      0x080018ac   Section        0  thread.o(i.rt_thread_startup)
    i.rt_thread_suspend                      0x080018d8   Section        0  thread.o(i.rt_thread_suspend)
    i.rt_thread_timeout                      0x0800191c   Section        0  thread.o(i.rt_thread_timeout)
    i.rt_thread_yield                        0x0800193c   Section        0  thread.o(i.rt_thread_yield)
    i.rt_tick_get                            0x080019a0   Section        0  clock.o(i.rt_tick_get)
    i.rt_tick_increase                       0x080019ac   Section        0  clock.o(i.rt_tick_increase)
    i.rt_timer_check                         0x080019dc   Section        0  timer_1.o(i.rt_timer_check)
    i.rt_timer_control                       0x08001a58   Section        0  timer_1.o(i.rt_timer_control)
    i.rt_timer_detach                        0x08001a90   Section        0  timer_1.o(i.rt_timer_detach)
    i.rt_timer_init                          0x08001ab0   Section        0  timer_1.o(i.rt_timer_init)
    i.rt_timer_start                         0x08001ae0   Section        0  timer_1.o(i.rt_timer_start)
    i.rt_timer_stop                          0x08001bd8   Section        0  timer_1.o(i.rt_timer_stop)
    i.rt_vsnprintf                           0x08001c08   Section        0  kservice.o(i.rt_vsnprintf)
    i.rti_board_end                          0x08001f30   Section        0  components.o(i.rti_board_end)
    rti_board_end                            0x08001f31   Thumb Code     4  components.o(i.rti_board_end)
    i.rti_board_start                        0x08001f34   Section        0  components.o(i.rti_board_start)
    rti_board_start                          0x08001f35   Thumb Code     4  components.o(i.rti_board_start)
    i.rti_end                                0x08001f38   Section        0  components.o(i.rti_end)
    rti_end                                  0x08001f39   Thumb Code     4  components.o(i.rti_end)
    i.rti_start                              0x08001f3c   Section        0  components.o(i.rti_start)
    rti_start                                0x08001f3d   Thumb Code     4  components.o(i.rti_start)
    i.rtthread_startup                       0x08001f40   Section        0  components.o(i.rtthread_startup)
    i.skip_atoi                              0x08001f6a   Section        0  kservice.o(i.skip_atoi)
    skip_atoi                                0x08001f6b   Thumb Code    38  kservice.o(i.skip_atoi)
    .constdata                               0x08001f90   Section      290  kservice.o(.constdata)
    small_digits                             0x08002090   Data          17  kservice.o(.constdata)
    large_digits                             0x080020a1   Data          17  kservice.o(.constdata)
    .rti_fn.0                                0x080020b4   Section        4  components.o(.rti_fn.0)
    __tagsym$$used                           0x080020b4   Number         0  components.o(.rti_fn.0)
    .rti_fn.0.end                            0x080020b8   Section        4  components.o(.rti_fn.0.end)
    __tagsym$$used                           0x080020b8   Number         0  components.o(.rti_fn.0.end)
    .rti_fn.1.end                            0x080020bc   Section        4  components.o(.rti_fn.1.end)
    __tagsym$$used                           0x080020bc   Number         0  components.o(.rti_fn.1.end)
    .rti_fn.6.end                            0x080020c0   Section        4  components.o(.rti_fn.6.end)
    __tagsym$$used                           0x080020c0   Number         0  components.o(.rti_fn.6.end)
    .data                                    0x20000000   Section       20  stm32f10x_rcc.o(.data)
    APBAHBPrescTable                         0x20000000   Data          16  stm32f10x_rcc.o(.data)
    ADCPrescTable                            0x20000010   Data           4  stm32f10x_rcc.o(.data)
    .data                                    0x20000014   Section       20  system_stm32f10x.o(.data)
    .data                                    0x20000028   Section       16  cpuport.o(.data)
    rt_exception_hook                        0x20000034   Data           4  cpuport.o(.data)
    .data                                    0x20000038   Section        4  clock.o(.data)
    rt_tick                                  0x20000038   Data           4  clock.o(.data)
    .data                                    0x2000003c   Section        1  irq.o(.data)
    .data                                    0x20000040   Section       64  object.o(.data)
    rt_object_container                      0x20000040   Data          64  object.o(.data)
    .data                                    0x20000080   Section       24  scheduler.o(.data)
    rt_scheduler_lock_nest                   0x20000080   Data           2  scheduler.o(.data)
    .data                                    0x20000098   Section       12  timer_1.o(.data)
    rt_timer_list                            0x20000098   Data           8  timer_1.o(.data)
    random_nr                                0x200000a0   Data           4  timer_1.o(.data)
    .bss                                     0x200000a4   Section     2288  main.o(.bss)
    led_operate_thread                       0x200000a4   Data         120  main.o(.bss)
    gps_deal_thread                          0x2000011c   Data         120  main.o(.bss)
    rt_led_operate_thread_stack              0x20000194   Data        1024  main.o(.bss)
    rt_gps_deal_thread_stack                 0x20000594   Data        1024  main.o(.bss)
    .bss                                     0x20000998   Section      376  components.o(.bss)
    main_stack                               0x20000998   Data         256  components.o(.bss)
    .bss                                     0x20000b10   Section      248  idle.o(.bss)
    idle                                     0x20000b10   Data         120  idle.o(.bss)
    rt_thread_stack                          0x20000b88   Data         128  idle.o(.bss)
    .bss                                     0x20000c08   Section      128  kservice.o(.bss)
    rt_log_buf                               0x20000c08   Data         128  kservice.o(.bss)
    .bss                                     0x20000c88   Section       64  scheduler.o(.bss)
    .bss                                     0x20000cc8   Section       96  libspace.o(.bss)
    HEAP                                     0x20000d28   Section        0  startup_stm32f10x_md.o(HEAP)
    STACK                                    0x20000d28   Section     1024  startup_stm32f10x_md.o(STACK)
    Heap_Mem                                 0x20000d28   Data           0  startup_stm32f10x_md.o(HEAP)
    Stack_Mem                                0x20000d28   Data        1024  startup_stm32f10x_md.o(STACK)
    __initial_sp                             0x20001128   Data           0  startup_stm32f10x_md.o(STACK)

    Global Symbols

    Symbol Name                              Value     Ov Type        Size  Object(Section)

    BuildAttributes$$THM_ISAv4$P$D$K$B$S$PE$A:L22UL41UL21$X:L11$S22US41US21$IEEE1$IW$USESV6$~STKCKD$USESV7$~SHL$OSPACE$ROPI$EBA8$UX$STANDARDLIB$REQ8$PRES8$EABIv2 0x00000000   Number         0  anon$$obj.o ABSOLUTE
    __ARM_use_no_argv                        0x00000000   Number         0  main.o ABSOLUTE
    __ARM_exceptions_init                     - Undefined Weak Reference
    __alloca_initialize                       - Undefined Weak Reference
    __arm_preinit_                            - Undefined Weak Reference
    __cpp_initialize__aeabi_                  - Undefined Weak Reference
    __cxa_finalize                            - Undefined Weak Reference
    __rt_locale                               - Undefined Weak Reference
    __sigvec_lookup                           - Undefined Weak Reference
    _atexit_init                              - Undefined Weak Reference
    _call_atexit_fns                          - Undefined Weak Reference
    _clock_init                               - Undefined Weak Reference
    _fp_trap_init                             - Undefined Weak Reference
    _fp_trap_shutdown                         - Undefined Weak Reference
    _get_lc_collate                           - Undefined Weak Reference
    _get_lc_ctype                             - Undefined Weak Reference
    _get_lc_monetary                          - Undefined Weak Reference
    _get_lc_numeric                           - Undefined Weak Reference
    _get_lc_time                              - Undefined Weak Reference
    _getenv_init                              - Undefined Weak Reference
    _handle_redirection                       - Undefined Weak Reference
    _init_alloc                               - Undefined Weak Reference
    _init_user_alloc                          - Undefined Weak Reference
    _initio                                   - Undefined Weak Reference
    _rand_init                                - Undefined Weak Reference
    _signal_finish                            - Undefined Weak Reference
    _signal_init                              - Undefined Weak Reference
    _terminate_alloc                          - Undefined Weak Reference
    _terminate_user_alloc                     - Undefined Weak Reference
    _terminateio                              - Undefined Weak Reference
    __Vectors_Size                           0x000000ec   Number         0  startup_stm32f10x_md.o ABSOLUTE
    __Vectors                                0x08000000   Data           4  startup_stm32f10x_md.o(RESET)
    __Vectors_End                            0x080000ec   Data           0  startup_stm32f10x_md.o(RESET)
    __main                                   0x080000ed   Thumb Code     8  __main.o(!!!main)
    __scatterload                            0x080000f5   Thumb Code     0  __scatter.o(!!!scatter)
    __scatterload_rt2                        0x080000f5   Thumb Code    44  __scatter.o(!!!scatter)
    __scatterload_rt2_thumb_only             0x080000f5   Thumb Code     0  __scatter.o(!!!scatter)
    __scatterload_null                       0x08000103   Thumb Code     0  __scatter.o(!!!scatter)
    __scatterload_copy                       0x08000129   Thumb Code    26  __scatter_copy.o(!!handler_copy)
    __scatterload_zeroinit                   0x08000145   Thumb Code    28  __scatter_zi.o(!!handler_zi)
    __rt_lib_init                            0x08000161   Thumb Code     0  libinit.o(.ARM.Collect$$libinit$$00000000)
    __rt_lib_init_alloca_1                   0x08000163   Thumb Code     0  libinit2.o(.ARM.Collect$$libinit$$0000002E)
    __rt_lib_init_argv_1                     0x08000163   Thumb Code     0  libinit2.o(.ARM.Collect$$libinit$$0000002C)
    __rt_lib_init_atexit_1                   0x08000163   Thumb Code     0  libinit2.o(.ARM.Collect$$libinit$$0000001B)
    __rt_lib_init_clock_1                    0x08000163   Thumb Code     0  libinit2.o(.ARM.Collect$$libinit$$00000021)
    __rt_lib_init_cpp_1                      0x08000163   Thumb Code     0  libinit2.o(.ARM.Collect$$libinit$$00000032)
    __rt_lib_init_exceptions_1               0x08000163   Thumb Code     0  libinit2.o(.ARM.Collect$$libinit$$00000030)
    __rt_lib_init_fp_1                       0x08000163   Thumb Code     0  libinit2.o(.ARM.Collect$$libinit$$00000002)
    __rt_lib_init_fp_trap_1                  0x08000163   Thumb Code     0  libinit2.o(.ARM.Collect$$libinit$$0000001F)
    __rt_lib_init_getenv_1                   0x08000163   Thumb Code     0  libinit2.o(.ARM.Collect$$libinit$$00000023)
    __rt_lib_init_heap_1                     0x08000163   Thumb Code     0  libinit2.o(.ARM.Collect$$libinit$$0000000A)
    __rt_lib_init_lc_collate_1               0x08000163   Thumb Code     0  libinit2.o(.ARM.Collect$$libinit$$00000011)
    __rt_lib_init_lc_ctype_1                 0x08000163   Thumb Code     0  libinit2.o(.ARM.Collect$$libinit$$00000013)
    __rt_lib_init_lc_monetary_1              0x08000163   Thumb Code     0  libinit2.o(.ARM.Collect$$libinit$$00000015)
    __rt_lib_init_lc_numeric_1               0x08000163   Thumb Code     0  libinit2.o(.ARM.Collect$$libinit$$00000017)
    __rt_lib_init_lc_time_1                  0x08000163   Thumb Code     0  libinit2.o(.ARM.Collect$$libinit$$00000019)
    __rt_lib_init_preinit_1                  0x08000163   Thumb Code     0  libinit2.o(.ARM.Collect$$libinit$$00000004)
    __rt_lib_init_rand_1                     0x08000163   Thumb Code     0  libinit2.o(.ARM.Collect$$libinit$$0000000E)
    __rt_lib_init_return                     0x08000163   Thumb Code     0  libinit2.o(.ARM.Collect$$libinit$$00000033)
    __rt_lib_init_signal_1                   0x08000163   Thumb Code     0  libinit2.o(.ARM.Collect$$libinit$$0000001D)
    __rt_lib_init_stdio_1                    0x08000163   Thumb Code     0  libinit2.o(.ARM.Collect$$libinit$$00000025)
    __rt_lib_init_user_alloc_1               0x08000163   Thumb Code     0  libinit2.o(.ARM.Collect$$libinit$$0000000C)
    __rt_lib_shutdown                        0x08000165   Thumb Code     0  libshutdown.o(.ARM.Collect$$libshutdown$$00000000)
    __rt_lib_shutdown_cpp_1                  0x08000167   Thumb Code     0  libshutdown2.o(.ARM.Collect$$libshutdown$$00000002)
    __rt_lib_shutdown_fp_trap_1              0x08000167   Thumb Code     0  libshutdown2.o(.ARM.Collect$$libshutdown$$00000007)
    __rt_lib_shutdown_heap_1                 0x08000167   Thumb Code     0  libshutdown2.o(.ARM.Collect$$libshutdown$$0000000F)
    __rt_lib_shutdown_return                 0x08000167   Thumb Code     0  libshutdown2.o(.ARM.Collect$$libshutdown$$00000010)
    __rt_lib_shutdown_signal_1               0x08000167   Thumb Code     0  libshutdown2.o(.ARM.Collect$$libshutdown$$0000000A)
    __rt_lib_shutdown_stdio_1                0x08000167   Thumb Code     0  libshutdown2.o(.ARM.Collect$$libshutdown$$00000004)
    __rt_lib_shutdown_user_alloc_1           0x08000167   Thumb Code     0  libshutdown2.o(.ARM.Collect$$libshutdown$$0000000C)
    __rt_entry                               0x08000169   Thumb Code     0  __rtentry.o(.ARM.Collect$$rtentry$$00000000)
    __rt_entry_presh_1                       0x08000169   Thumb Code     0  __rtentry2.o(.ARM.Collect$$rtentry$$00000002)
    __rt_entry_sh                            0x08000169   Thumb Code     0  __rtentry4.o(.ARM.Collect$$rtentry$$00000004)
    __rt_entry_li                            0x0800016f   Thumb Code     0  __rtentry2.o(.ARM.Collect$$rtentry$$0000000A)
    __rt_entry_postsh_1                      0x0800016f   Thumb Code     0  __rtentry2.o(.ARM.Collect$$rtentry$$00000009)
    __rt_entry_main                          0x08000173   Thumb Code     0  __rtentry2.o(.ARM.Collect$$rtentry$$0000000D)
    __rt_entry_postli_1                      0x08000173   Thumb Code     0  __rtentry2.o(.ARM.Collect$$rtentry$$0000000C)
    __rt_exit                                0x0800017b   Thumb Code     0  rtexit.o(.ARM.Collect$$rtexit$$00000000)
    __rt_exit_ls                             0x0800017d   Thumb Code     0  rtexit2.o(.ARM.Collect$$rtexit$$00000003)
    __rt_exit_prels_1                        0x0800017d   Thumb Code     0  rtexit2.o(.ARM.Collect$$rtexit$$00000002)
    __rt_exit_exit                           0x08000181   Thumb Code     0  rtexit2.o(.ARM.Collect$$rtexit$$00000004)
    Reset_Handler                            0x08000189   Thumb Code     8  startup_stm32f10x_md.o(.text)
    ADC1_2_IRQHandler                        0x080001a3   Thumb Code     0  startup_stm32f10x_md.o(.text)
    CAN1_RX1_IRQHandler                      0x080001a3   Thumb Code     0  startup_stm32f10x_md.o(.text)
    CAN1_SCE_IRQHandler                      0x080001a3   Thumb Code     0  startup_stm32f10x_md.o(.text)
    DMA1_Channel1_IRQHandler                 0x080001a3   Thumb Code     0  startup_stm32f10x_md.o(.text)
    DMA1_Channel2_IRQHandler                 0x080001a3   Thumb Code     0  startup_stm32f10x_md.o(.text)
    DMA1_Channel3_IRQHandler                 0x080001a3   Thumb Code     0  startup_stm32f10x_md.o(.text)
    DMA1_Channel4_IRQHandler                 0x080001a3   Thumb Code     0  startup_stm32f10x_md.o(.text)
    DMA1_Channel5_IRQHandler                 0x080001a3   Thumb Code     0  startup_stm32f10x_md.o(.text)
    DMA1_Channel6_IRQHandler                 0x080001a3   Thumb Code     0  startup_stm32f10x_md.o(.text)
    DMA1_Channel7_IRQHandler                 0x080001a3   Thumb Code     0  startup_stm32f10x_md.o(.text)
    EXTI0_IRQHandler                         0x080001a3   Thumb Code     0  startup_stm32f10x_md.o(.text)
    EXTI15_10_IRQHandler                     0x080001a3   Thumb Code     0  startup_stm32f10x_md.o(.text)
    EXTI1_IRQHandler                         0x080001a3   Thumb Code     0  startup_stm32f10x_md.o(.text)
    EXTI2_IRQHandler                         0x080001a3   Thumb Code     0  startup_stm32f10x_md.o(.text)
    EXTI3_IRQHandler                         0x080001a3   Thumb Code     0  startup_stm32f10x_md.o(.text)
    EXTI4_IRQHandler                         0x080001a3   Thumb Code     0  startup_stm32f10x_md.o(.text)
    EXTI9_5_IRQHandler                       0x080001a3   Thumb Code     0  startup_stm32f10x_md.o(.text)
    FLASH_IRQHandler                         0x080001a3   Thumb Code     0  startup_stm32f10x_md.o(.text)
    I2C1_ER_IRQHandler                       0x080001a3   Thumb Code     0  startup_stm32f10x_md.o(.text)
    I2C1_EV_IRQHandler                       0x080001a3   Thumb Code     0  startup_stm32f10x_md.o(.text)
    I2C2_ER_IRQHandler                       0x080001a3   Thumb Code     0  startup_stm32f10x_md.o(.text)
    I2C2_EV_IRQHandler                       0x080001a3   Thumb Code     0  startup_stm32f10x_md.o(.text)
    PVD_IRQHandler                           0x080001a3   Thumb Code     0  startup_stm32f10x_md.o(.text)
    RCC_IRQHandler                           0x080001a3   Thumb Code     0  startup_stm32f10x_md.o(.text)
    RTCAlarm_IRQHandler                      0x080001a3   Thumb Code     0  startup_stm32f10x_md.o(.text)
    SPI1_IRQHandler                          0x080001a3   Thumb Code     0  startup_stm32f10x_md.o(.text)
    SPI2_IRQHandler                          0x080001a3   Thumb Code     0  startup_stm32f10x_md.o(.text)
    TAMPER_IRQHandler                        0x080001a3   Thumb Code     0  startup_stm32f10x_md.o(.text)
    TIM1_BRK_IRQHandler                      0x080001a3   Thumb Code     0  startup_stm32f10x_md.o(.text)
    TIM1_CC_IRQHandler                       0x080001a3   Thumb Code     0  startup_stm32f10x_md.o(.text)
    TIM1_TRG_COM_IRQHandler                  0x080001a3   Thumb Code     0  startup_stm32f10x_md.o(.text)
    TIM1_UP_IRQHandler                       0x080001a3   Thumb Code     0  startup_stm32f10x_md.o(.text)
    TIM2_IRQHandler                          0x080001a3   Thumb Code     0  startup_stm32f10x_md.o(.text)
    TIM3_IRQHandler                          0x080001a3   Thumb Code     0  startup_stm32f10x_md.o(.text)
    TIM4_IRQHandler                          0x080001a3   Thumb Code     0  startup_stm32f10x_md.o(.text)
    USART3_IRQHandler                        0x080001a3   Thumb Code     0  startup_stm32f10x_md.o(.text)
    USBWakeUp_IRQHandler                     0x080001a3   Thumb Code     0  startup_stm32f10x_md.o(.text)
    USB_HP_CAN1_TX_IRQHandler                0x080001a3   Thumb Code     0  startup_stm32f10x_md.o(.text)
    USB_LP_CAN1_RX0_IRQHandler               0x080001a3   Thumb Code     0  startup_stm32f10x_md.o(.text)
    WWDG_IRQHandler                          0x080001a3   Thumb Code     0  startup_stm32f10x_md.o(.text)
    __user_initial_stackheap                 0x080001a5   Thumb Code     0  startup_stm32f10x_md.o(.text)
    rt_hw_interrupt_disable                  0x080001c5   Thumb Code     8  context_rvds.o(.text)
    rt_hw_interrupt_enable                   0x080001cd   Thumb Code     6  context_rvds.o(.text)
    rt_hw_context_switch                     0x080001d3   Thumb Code    32  context_rvds.o(.text)
    rt_hw_context_switch_interrupt           0x080001d3   Thumb Code     0  context_rvds.o(.text)
    PendSV_Handler                           0x080001f3   Thumb Code    60  context_rvds.o(.text)
    rt_hw_context_switch_to                  0x0800022f   Thumb Code    58  context_rvds.o(.text)
    rt_hw_interrupt_thread_switch            0x08000269   Thumb Code     2  context_rvds.o(.text)
    HardFault_Handler                        0x0800026b   Thumb Code    52  context_rvds.o(.text)
    __use_two_region_memory                  0x080002b9   Thumb Code     2  heapauxi.o(.text)
    __rt_heap_escrow$2region                 0x080002bb   Thumb Code     2  heapauxi.o(.text)
    __rt_heap_expand$2region                 0x080002bd   Thumb Code     2  heapauxi.o(.text)
    __user_setup_stackheap                   0x080002bf   Thumb Code    74  sys_stackheap_outer.o(.text)
    exit                                     0x08000309   Thumb Code    18  exit.o(.text)
    __user_libspace                          0x0800031d   Thumb Code     8  libspace.o(.text)
    __user_perproc_libspace                  0x0800031d   Thumb Code     0  libspace.o(.text)
    __user_perthread_libspace                0x0800031d   Thumb Code     0  libspace.o(.text)
    _sys_exit                                0x08000325   Thumb Code     8  sys_exit.o(.text)
    __I$use$semihosting                      0x08000331   Thumb Code     0  use_no_semi.o(.text)
    __use_no_semihosting_swi                 0x08000331   Thumb Code     2  use_no_semi.o(.text)
    __semihosting_library_function           0x08000333   Thumb Code     0  indicate_semi.o(.text)
    main                                     0x08000333   Thumb Code    14  components.o(i.$Sub$$main)
    BusFault_Handler                         0x08000341   Thumb Code     4  stm32f10x_it.o(i.BusFault_Handler)
    DebugMon_Handler                         0x08000345   Thumb Code     2  stm32f10x_it.o(i.DebugMon_Handler)
    GPIO_Init                                0x08000347   Thumb Code   278  stm32f10x_gpio.o(i.GPIO_Init)
    GPIO_StructInit                          0x0800045d   Thumb Code    16  stm32f10x_gpio.o(i.GPIO_StructInit)
    MemManage_Handler                        0x0800046d   Thumb Code     4  stm32f10x_it.o(i.MemManage_Handler)
    NMI_Handler                              0x08000471   Thumb Code     2  stm32f10x_it.o(i.NMI_Handler)
    NVIC_Init                                0x08000475   Thumb Code   100  misc.o(i.NVIC_Init)
    NVIC_PriorityGroupConfig                 0x080004e5   Thumb Code    10  misc.o(i.NVIC_PriorityGroupConfig)
    RCC_APB1PeriphClockCmd                   0x080004f9   Thumb Code    26  stm32f10x_rcc.o(i.RCC_APB1PeriphClockCmd)
    RCC_APB2PeriphClockCmd                   0x08000519   Thumb Code    26  stm32f10x_rcc.o(i.RCC_APB2PeriphClockCmd)
    RCC_GetClocksFreq                        0x08000539   Thumb Code   192  stm32f10x_rcc.o(i.RCC_GetClocksFreq)
    RTC_IRQHandler                           0x0800060d   Thumb Code     2  stm32f10x_it.o(i.RTC_IRQHandler)
    SVC_Handler                              0x0800060f   Thumb Code     2  stm32f10x_it.o(i.SVC_Handler)
    SysTick_Handler                          0x080006f9   Thumb Code    16  board.o(i.SysTick_Handler)
    SystemCoreClockUpdate                    0x08000709   Thumb Code   142  system_stm32f10x.o(i.SystemCoreClockUpdate)
    SystemInit                               0x080007ad   Thumb Code    78  system_stm32f10x.o(i.SystemInit)
    USART1_IRQHandler                        0x0800080d   Thumb Code    26  usart.o(i.USART1_IRQHandler)
    USART2_IRQHandler                        0x0800082d   Thumb Code    28  gps.o(i.USART2_IRQHandler)
    USART_Cmd                                0x08000851   Thumb Code    24  stm32f10x_usart.o(i.USART_Cmd)
    USART_ITConfig                           0x08000869   Thumb Code    74  stm32f10x_usart.o(i.USART_ITConfig)
    USART_Init                               0x080008b5   Thumb Code   210  stm32f10x_usart.o(i.USART_Init)
    UsageFault_Handler                       0x0800098d   Thumb Code     4  stm32f10x_it.o(i.UsageFault_Handler)
    __rt_ffs                                 0x080009c1   Thumb Code    70  kservice.o(i.__rt_ffs)
    dataLinkUserConfig                       0x08000b15   Thumb Code   158  usart.o(i.dataLinkUserConfig)
    gps_init                                 0x08000bc9   Thumb Code   164  gps.o(i.gps_init)
    ledConfig                                0x08000c75   Thumb Code    46  led.o(i.ledConfig)
    $Super$$main                             0x08000cd9   Thumb Code   110  main.o(i.main)
    main_thread_entry                        0x08000d75   Thumb Code    14  components.o(i.main_thread_entry)
    rt_application_init                      0x08000f11   Thumb Code    42  components.o(i.rt_application_init)
    rt_components_board_init                 0x08000f51   Thumb Code    20  components.o(i.rt_components_board_init)
    rt_components_init                       0x08000f6d   Thumb Code    20  components.o(i.rt_components_init)
    rt_enter_critical                        0x08000f89   Thumb Code    28  scheduler.o(i.rt_enter_critical)
    rt_exit_critical                         0x08000fa9   Thumb Code    54  scheduler.o(i.rt_exit_critical)
    rt_hw_board_init                         0x08000fe5   Thumb Code    30  board.o(i.rt_hw_board_init)
    rt_hw_console_output                     0x08001009   Thumb Code     2  kservice.o(i.rt_hw_console_output)
    rt_hw_hard_fault_exception               0x0800100d   Thumb Code   190  cpuport.o(i.rt_hw_hard_fault_exception)
    rt_hw_stack_init                         0x0800120d   Thumb Code    70  cpuport.o(i.rt_hw_stack_init)
    rt_interrupt_enter                       0x08001259   Thumb Code    26  irq.o(i.rt_interrupt_enter)
    rt_interrupt_leave                       0x08001279   Thumb Code    26  irq.o(i.rt_interrupt_leave)
    rt_kprintf                               0x08001299   Thumb Code    44  kservice.o(i.rt_kprintf)
    rt_memset                                0x08001313   Thumb Code    72  kservice.o(i.rt_memset)
    rt_object_detach                         0x0800135b   Thumb Code    44  object.o(i.rt_object_detach)
    rt_object_get_information                0x08001389   Thumb Code    36  object.o(i.rt_object_get_information)
    rt_object_init                           0x080013b1   Thumb Code    70  object.o(i.rt_object_init)
    rt_object_is_systemobject                0x080013f7   Thumb Code    18  object.o(i.rt_object_is_systemobject)
    rt_schedule                              0x08001409   Thumb Code   118  scheduler.o(i.rt_schedule)
    rt_schedule_insert_thread                0x08001499   Thumb Code    72  scheduler.o(i.rt_schedule_insert_thread)
    rt_schedule_remove_thread                0x080014e9   Thumb Code    76  scheduler.o(i.rt_schedule_remove_thread)
    rt_show_version                          0x0800153d   Thumb Code    38  kservice.o(i.rt_show_version)
    rt_strlen                                0x080015ed   Thumb Code    18  kservice.o(i.rt_strlen)
    rt_strncpy                               0x080015ff   Thumb Code    52  kservice.o(i.rt_strncpy)
    rt_system_scheduler_init                 0x08001635   Thumb Code    52  scheduler.o(i.rt_system_scheduler_init)
    rt_system_scheduler_start                0x08001681   Thumb Code    36  scheduler.o(i.rt_system_scheduler_start)
    rt_system_timer_init                     0x080016b1   Thumb Code    24  timer_1.o(i.rt_system_timer_init)
    rt_system_timer_thread_init              0x080016cd   Thumb Code     2  timer_1.o(i.rt_system_timer_thread_init)
    rt_thread_delay                          0x080016cf   Thumb Code    12  thread.o(i.rt_thread_delay)
    rt_thread_exit                           0x080016dd   Thumb Code    76  thread.o(i.rt_thread_exit)
    rt_thread_idle_excute                    0x08001739   Thumb Code   116  idle.o(i.rt_thread_idle_excute)
    rt_thread_idle_init                      0x080017b1   Thumb Code    38  idle.o(i.rt_thread_idle_init)
    rt_thread_init                           0x080017ed   Thumb Code    52  thread.o(i.rt_thread_init)
    rt_thread_resume                         0x08001821   Thumb Code    60  thread.o(i.rt_thread_resume)
    rt_thread_self                           0x0800185d   Thumb Code     6  thread.o(i.rt_thread_self)
    rt_thread_sleep                          0x08001869   Thumb Code    62  thread.o(i.rt_thread_sleep)
    rt_thread_startup                        0x080018ad   Thumb Code    44  thread.o(i.rt_thread_startup)
    rt_thread_suspend                        0x080018d9   Thumb Code    68  thread.o(i.rt_thread_suspend)
    rt_thread_timeout                        0x0800191d   Thumb Code    32  thread.o(i.rt_thread_timeout)
    rt_thread_yield                          0x0800193d   Thumb Code    92  thread.o(i.rt_thread_yield)
    rt_tick_get                              0x080019a1   Thumb Code     6  clock.o(i.rt_tick_get)
    rt_tick_increase                         0x080019ad   Thumb Code    42  clock.o(i.rt_tick_increase)
    rt_timer_check                           0x080019dd   Thumb Code   118  timer_1.o(i.rt_timer_check)
    rt_timer_control                         0x08001a59   Thumb Code    56  timer_1.o(i.rt_timer_control)
    rt_timer_detach                          0x08001a91   Thumb Code    32  timer_1.o(i.rt_timer_detach)
    rt_timer_init                            0x08001ab1   Thumb Code    46  timer_1.o(i.rt_timer_init)
    rt_timer_start                           0x08001ae1   Thumb Code   238  timer_1.o(i.rt_timer_start)
    rt_timer_stop                            0x08001bd9   Thumb Code    48  timer_1.o(i.rt_timer_stop)
    rt_vsnprintf                             0x08001c09   Thumb Code   800  kservice.o(i.rt_vsnprintf)
    rtthread_startup                         0x08001f41   Thumb Code    42  components.o(i.rtthread_startup)
    __lowest_bit_bitmap                      0x08001f90   Data         256  kservice.o(.constdata)
    __rt_init_rti_start                      0x080020b4   Data           4  components.o(.rti_fn.0)
    __rt_init_rti_board_start                0x080020b8   Data           4  components.o(.rti_fn.0.end)
    __rt_init_rti_board_end                  0x080020bc   Data           4  components.o(.rti_fn.1.end)
    __rt_init_rti_end                        0x080020c0   Data           4  components.o(.rti_fn.6.end)
    Region$$Table$$Base                      0x080020c4   Number         0  anon$$obj.o(Region$$Table)
    Region$$Table$$Limit                     0x080020e4   Number         0  anon$$obj.o(Region$$Table)
    SystemCoreClock                          0x20000014   Data           4  system_stm32f10x.o(.data)
    AHBPrescTable                            0x20000018   Data          16  system_stm32f10x.o(.data)
    rt_interrupt_from_thread                 0x20000028   Data           4  cpuport.o(.data)
    rt_interrupt_to_thread                   0x2000002c   Data           4  cpuport.o(.data)
    rt_thread_switch_interrupt_flag          0x20000030   Data           4  cpuport.o(.data)
    rt_interrupt_nest                        0x2000003c   Data           1  irq.o(.data)
    rt_current_thread                        0x20000084   Data           4  scheduler.o(.data)
    rt_current_priority                      0x20000088   Data           1  scheduler.o(.data)
    rt_thread_ready_priority_group           0x2000008c   Data           4  scheduler.o(.data)
    rt_thread_defunct                        0x20000090   Data           8  scheduler.o(.data)
    main_thread                              0x20000a98   Data         120  components.o(.bss)
    rt_thread_priority_table                 0x20000c88   Data          64  scheduler.o(.bss)
    __libspace_start                         0x20000cc8   Data          96  libspace.o(.bss)
    __temporary_stack_top$libspace           0x20000d28   Data           0  libspace.o(.bss)



==============================================================================

Memory Map of the image

  Image Entry point : 0x08000189

  Load Region LR_1 (Base: 0x08000000, Size: 0x00002188, Max: 0xffffffff, ABSOLUTE)

    Execution Region ER_RO (Exec base: 0x08000000, Load base: 0x08000000, Size: 0x000020e4, Max: 0xffffffff, ABSOLUTE)

    Exec Addr    Load Addr    Size         Type   Attr      Idx    E Section Name        Object

    0x08000000   0x08000000   0x000000ec   Data   RO         3316    RESET               startup_stm32f10x_md.o
    0x080000ec   0x080000ec   0x00000008   Code   RO         4186  * !!!main             c_w.l(__main.o)
    0x080000f4   0x080000f4   0x00000034   Code   RO         4343    !!!scatter          c_w.l(__scatter.o)
    0x08000128   0x08000128   0x0000001a   Code   RO         4345    !!handler_copy      c_w.l(__scatter_copy.o)
    0x08000142   0x08000142   0x00000002   PAD
    0x08000144   0x08000144   0x0000001c   Code   RO         4347    !!handler_zi        c_w.l(__scatter_zi.o)
    0x08000160   0x08000160   0x00000002   Code   RO         4213    .ARM.Collect$$libinit$$00000000  c_w.l(libinit.o)
    0x08000162   0x08000162   0x00000000   Code   RO         4220    .ARM.Collect$$libinit$$00000002  c_w.l(libinit2.o)
    0x08000162   0x08000162   0x00000000   Code   RO         4222    .ARM.Collect$$libinit$$00000004  c_w.l(libinit2.o)
    0x08000162   0x08000162   0x00000000   Code   RO         4225    .ARM.Collect$$libinit$$0000000A  c_w.l(libinit2.o)
    0x08000162   0x08000162   0x00000000   Code   RO         4227    .ARM.Collect$$libinit$$0000000C  c_w.l(libinit2.o)
    0x08000162   0x08000162   0x00000000   Code   RO         4229    .ARM.Collect$$libinit$$0000000E  c_w.l(libinit2.o)
    0x08000162   0x08000162   0x00000000   Code   RO         4232    .ARM.Collect$$libinit$$00000011  c_w.l(libinit2.o)
    0x08000162   0x08000162   0x00000000   Code   RO         4234    .ARM.Collect$$libinit$$00000013  c_w.l(libinit2.o)
    0x08000162   0x08000162   0x00000000   Code   RO         4236    .ARM.Collect$$libinit$$00000015  c_w.l(libinit2.o)
    0x08000162   0x08000162   0x00000000   Code   RO         4238    .ARM.Collect$$libinit$$00000017  c_w.l(libinit2.o)
    0x08000162   0x08000162   0x00000000   Code   RO         4240    .ARM.Collect$$libinit$$00000019  c_w.l(libinit2.o)
    0x08000162   0x08000162   0x00000000   Code   RO         4242    .ARM.Collect$$libinit$$0000001B  c_w.l(libinit2.o)
    0x08000162   0x08000162   0x00000000   Code   RO         4244    .ARM.Collect$$libinit$$0000001D  c_w.l(libinit2.o)
    0x08000162   0x08000162   0x00000000   Code   RO         4246    .ARM.Collect$$libinit$$0000001F  c_w.l(libinit2.o)
    0x08000162   0x08000162   0x00000000   Code   RO         4248    .ARM.Collect$$libinit$$00000021  c_w.l(libinit2.o)
    0x08000162   0x08000162   0x00000000   Code   RO         4250    .ARM.Collect$$libinit$$00000023  c_w.l(libinit2.o)
    0x08000162   0x08000162   0x00000000   Code   RO         4252    .ARM.Collect$$libinit$$00000025  c_w.l(libinit2.o)
    0x08000162   0x08000162   0x00000000   Code   RO         4256    .ARM.Collect$$libinit$$0000002C  c_w.l(libinit2.o)
    0x08000162   0x08000162   0x00000000   Code   RO         4258    .ARM.Collect$$libinit$$0000002E  c_w.l(libinit2.o)
    0x08000162   0x08000162   0x00000000   Code   RO         4260    .ARM.Collect$$libinit$$00000030  c_w.l(libinit2.o)
    0x08000162   0x08000162   0x00000000   Code   RO         4262    .ARM.Collect$$libinit$$00000032  c_w.l(libinit2.o)
    0x08000162   0x08000162   0x00000002   Code   RO         4263    .ARM.Collect$$libinit$$00000033  c_w.l(libinit2.o)
    0x08000164   0x08000164   0x00000002   Code   RO         4283    .ARM.Collect$$libshutdown$$00000000  c_w.l(libshutdown.o)
    0x08000166   0x08000166   0x00000000   Code   RO         4296    .ARM.Collect$$libshutdown$$00000002  c_w.l(libshutdown2.o)
    0x08000166   0x08000166   0x00000000   Code   RO         4298    .ARM.Collect$$libshutdown$$00000004  c_w.l(libshutdown2.o)
    0x08000166   0x08000166   0x00000000   Code   RO         4301    .ARM.Collect$$libshutdown$$00000007  c_w.l(libshutdown2.o)
    0x08000166   0x08000166   0x00000000   Code   RO         4304    .ARM.Collect$$libshutdown$$0000000A  c_w.l(libshutdown2.o)
    0x08000166   0x08000166   0x00000000   Code   RO         4306    .ARM.Collect$$libshutdown$$0000000C  c_w.l(libshutdown2.o)
    0x08000166   0x08000166   0x00000000   Code   RO         4309    .ARM.Collect$$libshutdown$$0000000F  c_w.l(libshutdown2.o)
    0x08000166   0x08000166   0x00000002   Code   RO         4310    .ARM.Collect$$libshutdown$$00000010  c_w.l(libshutdown2.o)
    0x08000168   0x08000168   0x00000000   Code   RO         4188    .ARM.Collect$$rtentry$$00000000  c_w.l(__rtentry.o)
    0x08000168   0x08000168   0x00000000   Code   RO         4190    .ARM.Collect$$rtentry$$00000002  c_w.l(__rtentry2.o)
    0x08000168   0x08000168   0x00000006   Code   RO         4202    .ARM.Collect$$rtentry$$00000004  c_w.l(__rtentry4.o)
    0x0800016e   0x0800016e   0x00000000   Code   RO         4192    .ARM.Collect$$rtentry$$00000009  c_w.l(__rtentry2.o)
    0x0800016e   0x0800016e   0x00000004   Code   RO         4193    .ARM.Collect$$rtentry$$0000000A  c_w.l(__rtentry2.o)
    0x08000172   0x08000172   0x00000000   Code   RO         4195    .ARM.Collect$$rtentry$$0000000C  c_w.l(__rtentry2.o)
    0x08000172   0x08000172   0x00000008   Code   RO         4196    .ARM.Collect$$rtentry$$0000000D  c_w.l(__rtentry2.o)
    0x0800017a   0x0800017a   0x00000002   Code   RO         4217    .ARM.Collect$$rtexit$$00000000  c_w.l(rtexit.o)
    0x0800017c   0x0800017c   0x00000000   Code   RO         4265    .ARM.Collect$$rtexit$$00000002  c_w.l(rtexit2.o)
    0x0800017c   0x0800017c   0x00000004   Code   RO         4266    .ARM.Collect$$rtexit$$00000003  c_w.l(rtexit2.o)
    0x08000180   0x08000180   0x00000006   Code   RO         4267    .ARM.Collect$$rtexit$$00000004  c_w.l(rtexit2.o)
    0x08000186   0x08000186   0x00000002   PAD
    0x08000188   0x08000188   0x0000003c   Code   RO         3317  * .text               startup_stm32f10x_md.o
    0x080001c4   0x080001c4   0x000000f4   Code   RO         3322    .text               context_rvds.o
    0x080002b8   0x080002b8   0x00000006   Code   RO         4184    .text               c_w.l(heapauxi.o)
    0x080002be   0x080002be   0x0000004a   Code   RO         4204    .text               c_w.l(sys_stackheap_outer.o)
    0x08000308   0x08000308   0x00000012   Code   RO         4206    .text               c_w.l(exit.o)
    0x0800031a   0x0800031a   0x00000002   PAD
    0x0800031c   0x0800031c   0x00000008   Code   RO         4214    .text               c_w.l(libspace.o)
    0x08000324   0x08000324   0x0000000c   Code   RO         4275    .text               c_w.l(sys_exit.o)
    0x08000330   0x08000330   0x00000002   Code   RO         4286    .text               c_w.l(use_no_semi.o)
    0x08000332   0x08000332   0x00000000   Code   RO         4288    .text               c_w.l(indicate_semi.o)
    0x08000332   0x08000332   0x0000000e   Code   RO         3412    i.$Sub$$main        components.o
    0x08000340   0x08000340   0x00000004   Code   RO          262    i.BusFault_Handler  stm32f10x_it.o
    0x08000344   0x08000344   0x00000002   Code   RO          263    i.DebugMon_Handler  stm32f10x_it.o
    0x08000346   0x08000346   0x00000116   Code   RO         1464    i.GPIO_Init         stm32f10x_gpio.o
    0x0800045c   0x0800045c   0x00000010   Code   RO         1473    i.GPIO_StructInit   stm32f10x_gpio.o
    0x0800046c   0x0800046c   0x00000004   Code   RO          264    i.MemManage_Handler  stm32f10x_it.o
    0x08000470   0x08000470   0x00000002   Code   RO          265    i.NMI_Handler       stm32f10x_it.o
    0x08000472   0x08000472   0x00000002   PAD
    0x08000474   0x08000474   0x00000070   Code   RO          313    i.NVIC_Init         misc.o
    0x080004e4   0x080004e4   0x00000014   Code   RO          314    i.NVIC_PriorityGroupConfig  misc.o
    0x080004f8   0x080004f8   0x00000020   Code   RO         1880    i.RCC_APB1PeriphClockCmd  stm32f10x_rcc.o
    0x08000518   0x08000518   0x00000020   Code   RO         1882    i.RCC_APB2PeriphClockCmd  stm32f10x_rcc.o
    0x08000538   0x08000538   0x000000d4   Code   RO         1890    i.RCC_GetClocksFreq  stm32f10x_rcc.o
    0x0800060c   0x0800060c   0x00000002   Code   RO          266    i.RTC_IRQHandler    stm32f10x_it.o
    0x0800060e   0x0800060e   0x00000002   Code   RO          267    i.SVC_Handler       stm32f10x_it.o
    0x08000610   0x08000610   0x00000008   Code   RO         3280    i.SetSysClock       system_stm32f10x.o
    0x08000618   0x08000618   0x000000e0   Code   RO         3281    i.SetSysClockTo72   system_stm32f10x.o
    0x080006f8   0x080006f8   0x00000010   Code   RO         4159    i.SysTick_Handler   board.o
    0x08000708   0x08000708   0x000000a4   Code   RO         3282    i.SystemCoreClockUpdate  system_stm32f10x.o
    0x080007ac   0x080007ac   0x00000060   Code   RO         3283    i.SystemInit        system_stm32f10x.o
    0x0800080c   0x0800080c   0x00000020   Code   RO          238    i.USART1_IRQHandler  usart.o
    0x0800082c   0x0800082c   0x00000024   Code   RO            1    i.USART2_IRQHandler  gps.o
    0x08000850   0x08000850   0x00000018   Code   RO         3050    i.USART_Cmd         stm32f10x_usart.o
    0x08000868   0x08000868   0x0000004a   Code   RO         3056    i.USART_ITConfig    stm32f10x_usart.o
    0x080008b2   0x080008b2   0x00000002   PAD
    0x080008b4   0x080008b4   0x000000d8   Code   RO         3057    i.USART_Init        stm32f10x_usart.o
    0x0800098c   0x0800098c   0x00000004   Code   RO          268    i.UsageFault_Handler  stm32f10x_it.o
    0x08000990   0x08000990   0x00000030   Code   RO         4160    i._SysTick_Config   board.o
    0x080009c0   0x080009c0   0x0000004c   Code   RO         3670    i.__rt_ffs          kservice.o
    0x08000a0c   0x08000a0c   0x00000014   Code   RO         3487    i._has_defunct_thread  idle.o
    0x08000a20   0x08000a20   0x00000084   Code   RO         3955    i._rt_thread_init   thread.o
    0x08000aa4   0x08000aa4   0x00000042   Code   RO         4064    i._rt_timer_init    timer_1.o
    0x08000ae6   0x08000ae6   0x0000002e   Code   RO         4065    i._rt_timer_remove  timer_1.o
    0x08000b14   0x08000b14   0x000000a8   Code   RO          239    i.dataLinkUserConfig  usart.o
    0x08000bbc   0x08000bbc   0x0000000c   Code   RO          141    i.gps_deal_thread_entry  main.o
    0x08000bc8   0x08000bc8   0x000000ac   Code   RO            2    i.gps_init          gps.o
    0x08000c74   0x08000c74   0x00000034   Code   RO          129    i.ledConfig         led.o
    0x08000ca8   0x08000ca8   0x00000030   Code   RO          142    i.led_operate_thread_entry  main.o
    0x08000cd8   0x08000cd8   0x0000009c   Code   RO          143    i.main              main.o
    0x08000d74   0x08000d74   0x0000000e   Code   RO         3413    i.main_thread_entry  components.o
    0x08000d82   0x08000d82   0x00000002   PAD
    0x08000d84   0x08000d84   0x0000018c   Code   RO         3672    i.print_number      kservice.o
    0x08000f10   0x08000f10   0x00000040   Code   RO         3414    i.rt_application_init  components.o
    0x08000f50   0x08000f50   0x0000001c   Code   RO         3415    i.rt_components_board_init  components.o
    0x08000f6c   0x08000f6c   0x0000001c   Code   RO         3416    i.rt_components_init  components.o
    0x08000f88   0x08000f88   0x00000020   Code   RO         3889    i.rt_enter_critical  scheduler.o
    0x08000fa8   0x08000fa8   0x0000003c   Code   RO         3890    i.rt_exit_critical  scheduler.o
    0x08000fe4   0x08000fe4   0x00000024   Code   RO         4161    i.rt_hw_board_init  board.o
    0x08001008   0x08001008   0x00000002   Code   RO         3674    i.rt_hw_console_output  kservice.o
    0x0800100a   0x0800100a   0x00000002   PAD
    0x0800100c   0x0800100c   0x00000200   Code   RO         3329    i.rt_hw_hard_fault_exception  cpuport.o
    0x0800120c   0x0800120c   0x0000004c   Code   RO         3330    i.rt_hw_stack_init  cpuport.o
    0x08001258   0x08001258   0x00000020   Code   RO         3643    i.rt_interrupt_enter  irq.o
    0x08001278   0x08001278   0x00000020   Code   RO         3645    i.rt_interrupt_leave  irq.o
    0x08001298   0x08001298   0x00000030   Code   RO         3675    i.rt_kprintf        kservice.o
    0x080012c8   0x080012c8   0x00000006   Code   RO         3891    i.rt_list_init      scheduler.o
    0x080012ce   0x080012ce   0x00000006   Code   RO         4066    i.rt_list_init      timer_1.o
    0x080012d4   0x080012d4   0x0000000e   Code   RO         3956    i.rt_list_insert_after  thread.o
    0x080012e2   0x080012e2   0x0000000e   Code   RO         4067    i.rt_list_insert_after  timer_1.o
    0x080012f0   0x080012f0   0x00000010   Code   RO         4068    i.rt_list_isempty   timer_1.o
    0x08001300   0x08001300   0x00000012   Code   RO         3957    i.rt_list_remove    thread.o
    0x08001312   0x08001312   0x00000048   Code   RO         3680    i.rt_memset         kservice.o
    0x0800135a   0x0800135a   0x0000002c   Code   RO         3835    i.rt_object_detach  object.o
    0x08001386   0x08001386   0x00000002   PAD
    0x08001388   0x08001388   0x00000028   Code   RO         3837    i.rt_object_get_information  object.o
    0x080013b0   0x080013b0   0x00000046   Code   RO         3839    i.rt_object_init    object.o
    0x080013f6   0x080013f6   0x00000012   Code   RO         3840    i.rt_object_is_systemobject  object.o
    0x08001408   0x08001408   0x00000090   Code   RO         3892    i.rt_schedule       scheduler.o
    0x08001498   0x08001498   0x00000050   Code   RO         3893    i.rt_schedule_insert_thread  scheduler.o
    0x080014e8   0x080014e8   0x00000054   Code   RO         3894    i.rt_schedule_remove_thread  scheduler.o
    0x0800153c   0x0800153c   0x000000b0   Code   RO         3682    i.rt_show_version   kservice.o
    0x080015ec   0x080015ec   0x00000012   Code   RO         3687    i.rt_strlen         kservice.o
    0x080015fe   0x080015fe   0x00000034   Code   RO         3689    i.rt_strncpy        kservice.o
    0x08001632   0x08001632   0x00000002   PAD
    0x08001634   0x08001634   0x0000004c   Code   RO         3895    i.rt_system_scheduler_init  scheduler.o
    0x08001680   0x08001680   0x00000030   Code   RO         3896    i.rt_system_scheduler_start  scheduler.o
    0x080016b0   0x080016b0   0x0000001c   Code   RO         4069    i.rt_system_timer_init  timer_1.o
    0x080016cc   0x080016cc   0x00000002   Code   RO         4070    i.rt_system_timer_thread_init  timer_1.o
    0x080016ce   0x080016ce   0x0000000c   Code   RO         3959    i.rt_thread_delay   thread.o
    0x080016da   0x080016da   0x00000002   PAD
    0x080016dc   0x080016dc   0x00000054   Code   RO         3961    i.rt_thread_exit    thread.o
    0x08001730   0x08001730   0x00000008   Code   RO         3488    i.rt_thread_idle_entry  idle.o
    0x08001738   0x08001738   0x00000078   Code   RO         3489    i.rt_thread_idle_excute  idle.o
    0x080017b0   0x080017b0   0x0000003c   Code   RO         3491    i.rt_thread_idle_init  idle.o
    0x080017ec   0x080017ec   0x00000034   Code   RO         3963    i.rt_thread_init    thread.o
    0x08001820   0x08001820   0x0000003c   Code   RO         3965    i.rt_thread_resume  thread.o
    0x0800185c   0x0800185c   0x0000000c   Code   RO         3966    i.rt_thread_self    thread.o
    0x08001868   0x08001868   0x00000044   Code   RO         3967    i.rt_thread_sleep   thread.o
    0x080018ac   0x080018ac   0x0000002c   Code   RO         3968    i.rt_thread_startup  thread.o
    0x080018d8   0x080018d8   0x00000044   Code   RO         3969    i.rt_thread_suspend  thread.o
    0x0800191c   0x0800191c   0x00000020   Code   RO         3970    i.rt_thread_timeout  thread.o
    0x0800193c   0x0800193c   0x00000064   Code   RO         3971    i.rt_thread_yield   thread.o
    0x080019a0   0x080019a0   0x0000000c   Code   RO         3373    i.rt_tick_get       clock.o
    0x080019ac   0x080019ac   0x00000030   Code   RO         3374    i.rt_tick_increase  clock.o
    0x080019dc   0x080019dc   0x0000007c   Code   RO         4071    i.rt_timer_check    timer_1.o
    0x08001a58   0x08001a58   0x00000038   Code   RO         4072    i.rt_timer_control  timer_1.o
    0x08001a90   0x08001a90   0x00000020   Code   RO         4073    i.rt_timer_detach   timer_1.o
    0x08001ab0   0x08001ab0   0x0000002e   Code   RO         4074    i.rt_timer_init     timer_1.o
    0x08001ade   0x08001ade   0x00000002   PAD
    0x08001ae0   0x08001ae0   0x000000f8   Code   RO         4077    i.rt_timer_start    timer_1.o
    0x08001bd8   0x08001bd8   0x00000030   Code   RO         4078    i.rt_timer_stop     timer_1.o
    0x08001c08   0x08001c08   0x00000328   Code   RO         3692    i.rt_vsnprintf      kservice.o
    0x08001f30   0x08001f30   0x00000004   Code   RO         3417    i.rti_board_end     components.o
    0x08001f34   0x08001f34   0x00000004   Code   RO         3418    i.rti_board_start   components.o
    0x08001f38   0x08001f38   0x00000004   Code   RO         3419    i.rti_end           components.o
    0x08001f3c   0x08001f3c   0x00000004   Code   RO         3420    i.rti_start         components.o
    0x08001f40   0x08001f40   0x0000002a   Code   RO         3421    i.rtthread_startup  components.o
    0x08001f6a   0x08001f6a   0x00000026   Code   RO         3694    i.skip_atoi         kservice.o
    0x08001f90   0x08001f90   0x00000122   Data   RO         3696    .constdata          kservice.o
    0x080020b2   0x080020b2   0x00000002   PAD
    0x080020b4   0x080020b4   0x00000004   Data   RO         3423    .rti_fn.0           components.o
    0x080020b8   0x080020b8   0x00000004   Data   RO         3424    .rti_fn.0.end       components.o
    0x080020bc   0x080020bc   0x00000004   Data   RO         3425    .rti_fn.1.end       components.o
    0x080020c0   0x080020c0   0x00000004   Data   RO         3426    .rti_fn.6.end       components.o
    0x080020c4   0x080020c4   0x00000020   Data   RO         4341    Region$$Table       anon$$obj.o


    Execution Region ER_RW (Exec base: 0x20000000, Load base: 0x080020e4, Size: 0x000000a4, Max: 0xffffffff, ABSOLUTE)

    Exec Addr    Load Addr    Size         Type   Attr      Idx    E Section Name        Object

    0x20000000   0x080020e4   0x00000014   Data   RW         1910    .data               stm32f10x_rcc.o
    0x20000014   0x080020f8   0x00000014   Data   RW         3284    .data               system_stm32f10x.o
    0x20000028   0x0800210c   0x00000010   Data   RW         3331    .data               cpuport.o
    0x20000038   0x0800211c   0x00000004   Data   RW         3376    .data               clock.o
    0x2000003c   0x08002120   0x00000001   Data   RW         3646    .data               irq.o
    0x2000003d   0x08002121   0x00000003   PAD
    0x20000040   0x08002124   0x00000040   Data   RW         3842    .data               object.o
    0x20000080   0x08002164   0x00000018   Data   RW         3898    .data               scheduler.o
    0x20000098   0x0800217c   0x0000000c   Data   RW         4079    .data               timer_1.o


    Execution Region ER_ZI (Exec base: 0x200000a4, Load base: 0x08002188, Size: 0x00001084, Max: 0xffffffff, ABSOLUTE)

    Exec Addr    Load Addr    Size         Type   Attr      Idx    E Section Name        Object

    0x200000a4        -       0x000008f0   Zero   RW          144    .bss                main.o
    0x20000994   0x08002188   0x00000004   PAD
    0x20000998        -       0x00000178   Zero   RW         3422    .bss                components.o
    0x20000b10        -       0x000000f8   Zero   RW         3492    .bss                idle.o
    0x20000c08        -       0x00000080   Zero   RW         3695    .bss                kservice.o
    0x20000c88        -       0x00000040   Zero   RW         3897    .bss                scheduler.o
    0x20000cc8        -       0x00000060   Zero   RW         4215    .bss                c_w.l(libspace.o)
    0x20000d28        -       0x00000000   Zero   RW         3315    HEAP                startup_stm32f10x_md.o
    0x20000d28        -       0x00000400   Zero   RW         3314    STACK               startup_stm32f10x_md.o


==============================================================================

Image component sizes


      Code (inc. data)   RO Data    RW Data    ZI Data      Debug   Object Name

       100         10          0          0          0       1349   board.o
        60         12          0          4          0       1129   clock.o
       206         38         16          0        376       5788   components.o
       244         26          0          0          0        832   context_rvds.o
       588        328          0         16          0       3266   cpuport.o
       208         16          0          0          0     232807   gps.o
       208         30          0          0        248       5486   idle.o
        64         12          0          1          0       1542   irq.o
      1686        164        290          0        128       9115   kservice.o
        52          6          0          0          0        456   led.o
       216         50          0          0       2288       7495   main.o
       132         22          0          0          0       1611   misc.o
       172          4          0         64          0       6140   object.o
       530         88          0         24         64       8358   scheduler.o
        60         22        236          0       1024        820   startup_stm32f10x_md.o
       294          0          0          0          0       2562   stm32f10x_gpio.o
        20          0          0          0          0       2736   stm32f10x_it.o
       276         32          0         20          0       4530   stm32f10x_rcc.o
       314          6          0          0          0       3790   stm32f10x_usart.o
       492         50          0         20          0       3149   system_stm32f10x.o
       696         36          0          0          0      10688   thread.o
       732         20          0         12          0      10944   timer_1.o
       200         16          0          0          0       1433   usart.o

    ----------------------------------------------------------------------
      7566        988        576        164       4132     326026   Object Totals
         0          0         32          0          0          0   (incl. Generated)
        16          0          2          3          4          0   (incl. Padding)

    ----------------------------------------------------------------------

      Code (inc. data)   RO Data    RW Data    ZI Data      Debug   Library Member Name

         8          0          0          0          0         68   __main.o
         0          0          0          0          0          0   __rtentry.o
        12          0          0          0          0          0   __rtentry2.o
         6          0          0          0          0          0   __rtentry4.o
        52          8          0          0          0          0   __scatter.o
        26          0          0          0          0          0   __scatter_copy.o
        28          0          0          0          0          0   __scatter_zi.o
        18          0          0          0          0         80   exit.o
         6          0          0          0          0        152   heapauxi.o
         0          0          0          0          0          0   indicate_semi.o
         2          0          0          0          0          0   libinit.o
         2          0          0          0          0          0   libinit2.o
         2          0          0          0          0          0   libshutdown.o
         2          0          0          0          0          0   libshutdown2.o
         8          4          0          0         96         68   libspace.o
         2          0          0          0          0          0   rtexit.o
        10          0          0          0          0          0   rtexit2.o
        12          4          0          0          0         68   sys_exit.o
        74          0          0          0          0         80   sys_stackheap_outer.o
         2          0          0          0          0         68   use_no_semi.o

    ----------------------------------------------------------------------
       278         16          0          0         96        584   Library Totals
         6          0          0          0          0          0   (incl. Padding)

    ----------------------------------------------------------------------

      Code (inc. data)   RO Data    RW Data    ZI Data      Debug   Library Name

       272         16          0          0         96        584   c_w.l

    ----------------------------------------------------------------------
       278         16          0          0         96        584   Library Totals

    ----------------------------------------------------------------------

==============================================================================


      Code (inc. data)   RO Data    RW Data    ZI Data      Debug   

      7844       1004        576        164       4228     321458   Grand Totals
      7844       1004        576        164       4228     321458   ELF Image Totals
      7844       1004        576        164          0          0   ROM Totals

==============================================================================

    Total RO  Size (Code + RO Data)                 8420 (   8.22kB)
    Total RW  Size (RW Data + ZI Data)              4392 (   4.29kB)
    Total ROM Size (Code + RO Data + RW Data)       8584 (   8.38kB)

==============================================================================

